ASxxxx Linker V03.00 + NoICE + sdld,  page 1.
Hexadecimal  [32-Bits]

Area                                    Addr        Size        Decimal Bytes (Attributes)
--------------------------------        ----        ----        ------- ----- ------------
.  .ABS.                            00000000    00000000 =           0. bytes (ABS,CON)

      Value  Global                              Global Defined In Module
      -----  --------------------------------   ------------------------
     00000000  .__.ABS.                           
     00000000  _putchar                        
     00000000  l__BSEG                         
     00000000  l__BSS                          
     00000000  l__CABS                         
     00000000  l__DABS                         
     00000000  l__DATA                         
     00000000  l__HEADER                       
     00000000  l__HEAP                         
     00000000  l__HOME                         
     00000000  l__INITIALIZED                  
     00000000  l__INITIALIZER                  
     00000000  s__CABS                         
     00000000  s__DABS                         
     00000000  s__HEADER                       
     00000000  s__HEADER0                      
     00000000  s__HEADER1                      
     00000000  s__HEADER2                      
     00000000  s__HEADER3                      
     00000000  s__HEADER4                      
     00000000  s__HEADER5                      
     00000000  s__HEADER6                      
     00000000  s__HEADER7                      
     00000000  s__HEADER8                      
     00000001  l__GSFINAL                      
     00000003  l__HEADER0                      
     00000003  l__HEADER2                      
     00000003  l__HEADER3                      
     00000003  l__HEADER4                      
     00000003  l__HEADER5                      
     00000003  l__HEADER6                      
     00000003  l__HEADER7                      
     00000004  l__HEADER1                      
     0000000C  l__HEADER8                      
     0000000F  l__GSINIT                       
     00000200  s__CODE                         
     0000165F  l__CODE                         
     0000185F  s__GSINIT                       
     0000185F  s__HOME                         
     0000185F  s__INITIALIZER                  
     0000186E  s__GSFINAL                      
     00008000  s__BSEG                         
     00008000  s__BSS                          
     00008000  s__DATA                         
     00008000  s__HEAP                         
     00008000  s__INITIALIZED                  

ASxxxx Linker V03.00 + NoICE + sdld,  page 2.
Hexadecimal  [32-Bits]

Area                                    Addr        Size        Decimal Bytes (Attributes)
--------------------------------        ----        ----        ------- ----- ------------
_CODE                               00000200    0000165F =        5727. bytes (REL,CON)

      Value  Global                              Global Defined In Module
      -----  --------------------------------   ------------------------
     00000200  __clock                            crt0
     00000204  _exit                              crt0
     0000020A  A$aes192_z80_sdcc_O3_binaries/ae   aes192
     0000020A  C$aes192.c$32$0_0$35               aes192
     0000020A  Faes192$xt$0$0                     aes192
     0000020C  A$aes192_z80_sdcc_O3_binaries/ae   aes192
     00000210  A$aes192_z80_sdcc_O3_binaries/ae   aes192
     00000212  A$aes192_z80_sdcc_O3_binaries/ae   aes192
     00000212  C$aes192.c$33$1_0$35               aes192
     00000215  A$aes192_z80_sdcc_O3_binaries/ae   aes192
     00000216  A$aes192_z80_sdcc_O3_binaries/ae   aes192
     00000217  A$aes192_z80_sdcc_O3_binaries/ae   aes192
     0000021A  A$aes192_z80_sdcc_O3_binaries/ae   aes192
     0000021B  A$aes192_z80_sdcc_O3_binaries/ae   aes192
     0000021D  A$aes192_z80_sdcc_O3_binaries/ae   aes192
     00000220  A$aes192_z80_sdcc_O3_binaries/ae   aes192
     00000222  A$aes192_z80_sdcc_O3_binaries/ae   aes192
     00000225  A$aes192_z80_sdcc_O3_binaries/ae   aes192
     00000226  A$aes192_z80_sdcc_O3_binaries/ae   aes192
     00000227  A$aes192_z80_sdcc_O3_binaries/ae   aes192
     00000228  A$aes192_z80_sdcc_O3_binaries/ae   aes192
     00000229  A$aes192_z80_sdcc_O3_binaries/ae   aes192
     0000022A  A$aes192_z80_sdcc_O3_binaries/ae   aes192
     0000022B  A$aes192_z80_sdcc_O3_binaries/ae   aes192
     0000022C  A$aes192_z80_sdcc_O3_binaries/ae   aes192
     0000022D  A$aes192_z80_sdcc_O3_binaries/ae   aes192
     0000022E  A$aes192_z80_sdcc_O3_binaries/ae   aes192
     00000230  A$aes192_z80_sdcc_O3_binaries/ae   aes192
     00000230  C$aes192.c$34$1_0$35               aes192
     00000230  XFaes192$xt$0$0                    aes192
     00000231  Faes192$SBOX$0_0$0                 aes192
     00000331  Faes192$RCON$0_0$0                 aes192
     0000033E  A$aes192_z80_sdcc_O3_binaries/ae   aes192
     0000033E  C$aes192.c$36$1_0$38               aes192
     0000033E  Faes192$SubBytes$0$0               aes192
     00000340  A$aes192_z80_sdcc_O3_binaries/ae   aes192
     00000344  A$aes192_z80_sdcc_O3_binaries/ae   aes192
     00000346  A$aes192_z80_sdcc_O3_binaries/ae   aes192
     00000349  A$aes192_z80_sdcc_O3_binaries/ae   aes192
     0000034A  A$aes192_z80_sdcc_O3_binaries/ae   aes192
     0000034C  A$aes192_z80_sdcc_O3_binaries/ae   aes192
     0000034D  A$aes192_z80_sdcc_O3_binaries/ae   aes192
     0000034E  A$aes192_z80_sdcc_O3_binaries/ae   aes192
     0000034F  A$aes192_z80_sdcc_O3_binaries/ae   aes192
     00000350  A$aes192_z80_sdcc_O3_binaries/ae   aes192
     00000352  A$aes192_z80_sdcc_O3_binaries/ae   aes192
     00000354  A$aes192_z80_sdcc_O3_binaries/ae   aes192
     00000354  C$aes192.c$38$2_0$38               aes192
     00000357  A$aes192_z80_sdcc_O3_binaries/ae   aes192
     00000358  A$aes192_z80_sdcc_O3_binaries/ae   aes192
ASxxxx Linker V03.00 + NoICE + sdld,  page 3.
Hexadecimal  [32-Bits]

Area                                    Addr        Size        Decimal Bytes (Attributes)
--------------------------------        ----        ----        ------- ----- ------------
_CODE                               00000200    0000165F =        5727. bytes (REL,CON)

      Value  Global                              Global Defined In Module
      -----  --------------------------------   ------------------------
     00000359  A$aes192_z80_sdcc_O3_binaries/ae   aes192
     0000035C  A$aes192_z80_sdcc_O3_binaries/ae   aes192
     0000035D  A$aes192_z80_sdcc_O3_binaries/ae   aes192
     0000035E  A$aes192_z80_sdcc_O3_binaries/ae   aes192
     0000035F  A$aes192_z80_sdcc_O3_binaries/ae   aes192
     00000361  A$aes192_z80_sdcc_O3_binaries/ae   aes192
     00000362  A$aes192_z80_sdcc_O3_binaries/ae   aes192
     00000364  A$aes192_z80_sdcc_O3_binaries/ae   aes192
     00000366  A$aes192_z80_sdcc_O3_binaries/ae   aes192
     00000367  A$aes192_z80_sdcc_O3_binaries/ae   aes192
     00000368  A$aes192_z80_sdcc_O3_binaries/ae   aes192
     00000369  A$aes192_z80_sdcc_O3_binaries/ae   aes192
     00000369  C$aes192.c$37$2_0$38               aes192
     0000036A  A$aes192_z80_sdcc_O3_binaries/ae   aes192
     0000036C  A$aes192_z80_sdcc_O3_binaries/ae   aes192
     0000036E  A$aes192_z80_sdcc_O3_binaries/ae   aes192
     0000036E  C$aes192.c$39$2_0$38               aes192
     0000036E  XFaes192$SubBytes$0$0              aes192
     0000036F  A$aes192_z80_sdcc_O3_binaries/ae   aes192
     0000036F  C$aes192.c$41$2_0$40               aes192
     0000036F  Faes192$ShiftRows$0$0              aes192
     00000371  A$aes192_z80_sdcc_O3_binaries/ae   aes192
     00000375  A$aes192_z80_sdcc_O3_binaries/ae   aes192
     00000377  A$aes192_z80_sdcc_O3_binaries/ae   aes192
     0000037A  A$aes192_z80_sdcc_O3_binaries/ae   aes192
     0000037B  A$aes192_z80_sdcc_O3_binaries/ae   aes192
     0000037C  A$aes192_z80_sdcc_O3_binaries/ae   aes192
     0000037C  C$aes192.c$43$1_0$40               aes192
     0000037F  A$aes192_z80_sdcc_O3_binaries/ae   aes192
     00000380  A$aes192_z80_sdcc_O3_binaries/ae   aes192
     00000381  A$aes192_z80_sdcc_O3_binaries/ae   aes192
     00000382  A$aes192_z80_sdcc_O3_binaries/ae   aes192
     00000383  A$aes192_z80_sdcc_O3_binaries/ae   aes192
     00000384  A$aes192_z80_sdcc_O3_binaries/ae   aes192
     00000387  A$aes192_z80_sdcc_O3_binaries/ae   aes192
     0000038A  A$aes192_z80_sdcc_O3_binaries/ae   aes192
     0000038B  A$aes192_z80_sdcc_O3_binaries/ae   aes192
     0000038E  A$aes192_z80_sdcc_O3_binaries/ae   aes192
     00000390  A$aes192_z80_sdcc_O3_binaries/ae   aes192
     00000391  A$aes192_z80_sdcc_O3_binaries/ae   aes192
     00000391  C$aes192.c$45$1_0$40               aes192
     00000394  A$aes192_z80_sdcc_O3_binaries/ae   aes192
     00000397  A$aes192_z80_sdcc_O3_binaries/ae   aes192
     00000398  A$aes192_z80_sdcc_O3_binaries/ae   aes192
     00000399  A$aes192_z80_sdcc_O3_binaries/ae   aes192
     0000039A  A$aes192_z80_sdcc_O3_binaries/ae   aes192
     0000039B  A$aes192_z80_sdcc_O3_binaries/ae   aes192
     0000039C  A$aes192_z80_sdcc_O3_binaries/ae   aes192
     0000039D  A$aes192_z80_sdcc_O3_binaries/ae   aes192
     0000039E  A$aes192_z80_sdcc_O3_binaries/ae   aes192
     0000039F  A$aes192_z80_sdcc_O3_binaries/ae   aes192
ASxxxx Linker V03.00 + NoICE + sdld,  page 4.
Hexadecimal  [32-Bits]

Area                                    Addr        Size        Decimal Bytes (Attributes)
--------------------------------        ----        ----        ------- ----- ------------
_CODE                               00000200    0000165F =        5727. bytes (REL,CON)

      Value  Global                              Global Defined In Module
      -----  --------------------------------   ------------------------
     000003A0  A$aes192_z80_sdcc_O3_binaries/ae   aes192
     000003A1  A$aes192_z80_sdcc_O3_binaries/ae   aes192
     000003A4  A$aes192_z80_sdcc_O3_binaries/ae   aes192
     000003A6  A$aes192_z80_sdcc_O3_binaries/ae   aes192
     000003A7  A$aes192_z80_sdcc_O3_binaries/ae   aes192
     000003AA  A$aes192_z80_sdcc_O3_binaries/ae   aes192
     000003AC  A$aes192_z80_sdcc_O3_binaries/ae   aes192
     000003AD  A$aes192_z80_sdcc_O3_binaries/ae   aes192
     000003AE  A$aes192_z80_sdcc_O3_binaries/ae   aes192
     000003AF  A$aes192_z80_sdcc_O3_binaries/ae   aes192
     000003B0  A$aes192_z80_sdcc_O3_binaries/ae   aes192
     000003B3  A$aes192_z80_sdcc_O3_binaries/ae   aes192
     000003B4  A$aes192_z80_sdcc_O3_binaries/ae   aes192
     000003B5  A$aes192_z80_sdcc_O3_binaries/ae   aes192
     000003B6  A$aes192_z80_sdcc_O3_binaries/ae   aes192
     000003B7  A$aes192_z80_sdcc_O3_binaries/ae   aes192
     000003BA  A$aes192_z80_sdcc_O3_binaries/ae   aes192
     000003BC  A$aes192_z80_sdcc_O3_binaries/ae   aes192
     000003BD  A$aes192_z80_sdcc_O3_binaries/ae   aes192
     000003C0  A$aes192_z80_sdcc_O3_binaries/ae   aes192
     000003C2  A$aes192_z80_sdcc_O3_binaries/ae   aes192
     000003C3  A$aes192_z80_sdcc_O3_binaries/ae   aes192
     000003C4  A$aes192_z80_sdcc_O3_binaries/ae   aes192
     000003C5  A$aes192_z80_sdcc_O3_binaries/ae   aes192
     000003C6  A$aes192_z80_sdcc_O3_binaries/ae   aes192
     000003C9  A$aes192_z80_sdcc_O3_binaries/ae   aes192
     000003CA  A$aes192_z80_sdcc_O3_binaries/ae   aes192
     000003CB  A$aes192_z80_sdcc_O3_binaries/ae   aes192
     000003CC  A$aes192_z80_sdcc_O3_binaries/ae   aes192
     000003CD  A$aes192_z80_sdcc_O3_binaries/ae   aes192
     000003D0  A$aes192_z80_sdcc_O3_binaries/ae   aes192
     000003D2  A$aes192_z80_sdcc_O3_binaries/ae   aes192
     000003D3  A$aes192_z80_sdcc_O3_binaries/ae   aes192
     000003D6  A$aes192_z80_sdcc_O3_binaries/ae   aes192
     000003D8  A$aes192_z80_sdcc_O3_binaries/ae   aes192
     000003D9  A$aes192_z80_sdcc_O3_binaries/ae   aes192
     000003DA  A$aes192_z80_sdcc_O3_binaries/ae   aes192
     000003DB  A$aes192_z80_sdcc_O3_binaries/ae   aes192
     000003DC  A$aes192_z80_sdcc_O3_binaries/ae   aes192
     000003DD  A$aes192_z80_sdcc_O3_binaries/ae   aes192
     000003DE  A$aes192_z80_sdcc_O3_binaries/ae   aes192
     000003DE  C$aes192.c$46$1_0$40               aes192
     000003E1  A$aes192_z80_sdcc_O3_binaries/ae   aes192
     000003E4  A$aes192_z80_sdcc_O3_binaries/ae   aes192
     000003E5  A$aes192_z80_sdcc_O3_binaries/ae   aes192
     000003E6  A$aes192_z80_sdcc_O3_binaries/ae   aes192
     000003E7  A$aes192_z80_sdcc_O3_binaries/ae   aes192
     000003E8  A$aes192_z80_sdcc_O3_binaries/ae   aes192
     000003E9  A$aes192_z80_sdcc_O3_binaries/ae   aes192
     000003EC  A$aes192_z80_sdcc_O3_binaries/ae   aes192
     000003ED  A$aes192_z80_sdcc_O3_binaries/ae   aes192
ASxxxx Linker V03.00 + NoICE + sdld,  page 5.
Hexadecimal  [32-Bits]

Area                                    Addr        Size        Decimal Bytes (Attributes)
--------------------------------        ----        ----        ------- ----- ------------
_CODE                               00000200    0000165F =        5727. bytes (REL,CON)

      Value  Global                              Global Defined In Module
      -----  --------------------------------   ------------------------
     000003EE  A$aes192_z80_sdcc_O3_binaries/ae   aes192
     000003EF  A$aes192_z80_sdcc_O3_binaries/ae   aes192
     000003F0  A$aes192_z80_sdcc_O3_binaries/ae   aes192
     000003F3  A$aes192_z80_sdcc_O3_binaries/ae   aes192
     000003F5  A$aes192_z80_sdcc_O3_binaries/ae   aes192
     000003F6  A$aes192_z80_sdcc_O3_binaries/ae   aes192
     000003F9  A$aes192_z80_sdcc_O3_binaries/ae   aes192
     000003FB  A$aes192_z80_sdcc_O3_binaries/ae   aes192
     000003FC  A$aes192_z80_sdcc_O3_binaries/ae   aes192
     000003FD  A$aes192_z80_sdcc_O3_binaries/ae   aes192
     000003FE  A$aes192_z80_sdcc_O3_binaries/ae   aes192
     000003FF  A$aes192_z80_sdcc_O3_binaries/ae   aes192
     00000400  A$aes192_z80_sdcc_O3_binaries/ae   aes192
     00000401  A$aes192_z80_sdcc_O3_binaries/ae   aes192
     00000402  A$aes192_z80_sdcc_O3_binaries/ae   aes192
     00000405  A$aes192_z80_sdcc_O3_binaries/ae   aes192
     00000407  A$aes192_z80_sdcc_O3_binaries/ae   aes192
     00000408  A$aes192_z80_sdcc_O3_binaries/ae   aes192
     0000040B  A$aes192_z80_sdcc_O3_binaries/ae   aes192
     0000040D  A$aes192_z80_sdcc_O3_binaries/ae   aes192
     0000040E  A$aes192_z80_sdcc_O3_binaries/ae   aes192
     0000040F  A$aes192_z80_sdcc_O3_binaries/ae   aes192
     00000410  A$aes192_z80_sdcc_O3_binaries/ae   aes192
     00000411  A$aes192_z80_sdcc_O3_binaries/ae   aes192
     00000414  A$aes192_z80_sdcc_O3_binaries/ae   aes192
     00000415  A$aes192_z80_sdcc_O3_binaries/ae   aes192
     00000416  A$aes192_z80_sdcc_O3_binaries/ae   aes192
     00000417  A$aes192_z80_sdcc_O3_binaries/ae   aes192
     00000418  A$aes192_z80_sdcc_O3_binaries/ae   aes192
     0000041B  A$aes192_z80_sdcc_O3_binaries/ae   aes192
     0000041D  A$aes192_z80_sdcc_O3_binaries/ae   aes192
     0000041E  A$aes192_z80_sdcc_O3_binaries/ae   aes192
     00000421  A$aes192_z80_sdcc_O3_binaries/ae   aes192
     00000423  A$aes192_z80_sdcc_O3_binaries/ae   aes192
     00000424  A$aes192_z80_sdcc_O3_binaries/ae   aes192
     00000425  A$aes192_z80_sdcc_O3_binaries/ae   aes192
     00000426  A$aes192_z80_sdcc_O3_binaries/ae   aes192
     00000427  A$aes192_z80_sdcc_O3_binaries/ae   aes192
     0000042A  A$aes192_z80_sdcc_O3_binaries/ae   aes192
     0000042B  A$aes192_z80_sdcc_O3_binaries/ae   aes192
     0000042C  A$aes192_z80_sdcc_O3_binaries/ae   aes192
     0000042D  A$aes192_z80_sdcc_O3_binaries/ae   aes192
     0000042E  A$aes192_z80_sdcc_O3_binaries/ae   aes192
     0000042E  C$aes192.c$47$1_0$40               aes192
     00000431  A$aes192_z80_sdcc_O3_binaries/ae   aes192
     00000434  A$aes192_z80_sdcc_O3_binaries/ae   aes192
     00000435  A$aes192_z80_sdcc_O3_binaries/ae   aes192
     00000436  A$aes192_z80_sdcc_O3_binaries/ae   aes192
     00000437  A$aes192_z80_sdcc_O3_binaries/ae   aes192
     00000438  A$aes192_z80_sdcc_O3_binaries/ae   aes192
     00000439  A$aes192_z80_sdcc_O3_binaries/ae   aes192
ASxxxx Linker V03.00 + NoICE + sdld,  page 6.
Hexadecimal  [32-Bits]

Area                                    Addr        Size        Decimal Bytes (Attributes)
--------------------------------        ----        ----        ------- ----- ------------
_CODE                               00000200    0000165F =        5727. bytes (REL,CON)

      Value  Global                              Global Defined In Module
      -----  --------------------------------   ------------------------
     0000043A  A$aes192_z80_sdcc_O3_binaries/ae   aes192
     0000043D  A$aes192_z80_sdcc_O3_binaries/ae   aes192
     0000043E  A$aes192_z80_sdcc_O3_binaries/ae   aes192
     0000043F  A$aes192_z80_sdcc_O3_binaries/ae   aes192
     00000440  A$aes192_z80_sdcc_O3_binaries/ae   aes192
     00000441  A$aes192_z80_sdcc_O3_binaries/ae   aes192
     00000444  A$aes192_z80_sdcc_O3_binaries/ae   aes192
     00000446  A$aes192_z80_sdcc_O3_binaries/ae   aes192
     00000447  A$aes192_z80_sdcc_O3_binaries/ae   aes192
     0000044A  A$aes192_z80_sdcc_O3_binaries/ae   aes192
     0000044C  A$aes192_z80_sdcc_O3_binaries/ae   aes192
     0000044D  A$aes192_z80_sdcc_O3_binaries/ae   aes192
     0000044E  A$aes192_z80_sdcc_O3_binaries/ae   aes192
     0000044F  A$aes192_z80_sdcc_O3_binaries/ae   aes192
     00000450  A$aes192_z80_sdcc_O3_binaries/ae   aes192
     00000451  A$aes192_z80_sdcc_O3_binaries/ae   aes192
     00000452  A$aes192_z80_sdcc_O3_binaries/ae   aes192
     00000453  A$aes192_z80_sdcc_O3_binaries/ae   aes192
     00000454  A$aes192_z80_sdcc_O3_binaries/ae   aes192
     00000457  A$aes192_z80_sdcc_O3_binaries/ae   aes192
     00000459  A$aes192_z80_sdcc_O3_binaries/ae   aes192
     0000045A  A$aes192_z80_sdcc_O3_binaries/ae   aes192
     0000045D  A$aes192_z80_sdcc_O3_binaries/ae   aes192
     0000045F  A$aes192_z80_sdcc_O3_binaries/ae   aes192
     00000460  A$aes192_z80_sdcc_O3_binaries/ae   aes192
     00000461  A$aes192_z80_sdcc_O3_binaries/ae   aes192
     00000462  A$aes192_z80_sdcc_O3_binaries/ae   aes192
     00000463  A$aes192_z80_sdcc_O3_binaries/ae   aes192
     00000466  A$aes192_z80_sdcc_O3_binaries/ae   aes192
     00000467  A$aes192_z80_sdcc_O3_binaries/ae   aes192
     00000468  A$aes192_z80_sdcc_O3_binaries/ae   aes192
     00000469  A$aes192_z80_sdcc_O3_binaries/ae   aes192
     0000046A  A$aes192_z80_sdcc_O3_binaries/ae   aes192
     0000046D  A$aes192_z80_sdcc_O3_binaries/ae   aes192
     0000046F  A$aes192_z80_sdcc_O3_binaries/ae   aes192
     00000470  A$aes192_z80_sdcc_O3_binaries/ae   aes192
     00000473  A$aes192_z80_sdcc_O3_binaries/ae   aes192
     00000475  A$aes192_z80_sdcc_O3_binaries/ae   aes192
     00000476  A$aes192_z80_sdcc_O3_binaries/ae   aes192
     00000477  A$aes192_z80_sdcc_O3_binaries/ae   aes192
     00000478  A$aes192_z80_sdcc_O3_binaries/ae   aes192
     0000047B  A$aes192_z80_sdcc_O3_binaries/ae   aes192
     0000047C  A$aes192_z80_sdcc_O3_binaries/ae   aes192
     0000047D  A$aes192_z80_sdcc_O3_binaries/ae   aes192
     0000047E  A$aes192_z80_sdcc_O3_binaries/ae   aes192
     00000480  A$aes192_z80_sdcc_O3_binaries/ae   aes192
     00000482  A$aes192_z80_sdcc_O3_binaries/ae   aes192
     00000482  C$aes192.c$48$1_0$40               aes192
     00000482  XFaes192$ShiftRows$0$0             aes192
     00000483  A$aes192_z80_sdcc_O3_binaries/ae   aes192
     00000483  C$aes192.c$50$1_0$43               aes192
ASxxxx Linker V03.00 + NoICE + sdld,  page 7.
Hexadecimal  [32-Bits]

Area                                    Addr        Size        Decimal Bytes (Attributes)
--------------------------------        ----        ----        ------- ----- ------------
_CODE                               00000200    0000165F =        5727. bytes (REL,CON)

      Value  Global                              Global Defined In Module
      -----  --------------------------------   ------------------------
     00000483  Faes192$MixColumns$0$0             aes192
     00000485  A$aes192_z80_sdcc_O3_binaries/ae   aes192
     00000489  A$aes192_z80_sdcc_O3_binaries/ae   aes192
     0000048B  A$aes192_z80_sdcc_O3_binaries/ae   aes192
     0000048E  A$aes192_z80_sdcc_O3_binaries/ae   aes192
     0000048F  A$aes192_z80_sdcc_O3_binaries/ae   aes192
     00000490  A$aes192_z80_sdcc_O3_binaries/ae   aes192
     00000493  A$aes192_z80_sdcc_O3_binaries/ae   aes192
     00000494  A$aes192_z80_sdcc_O3_binaries/ae   aes192
     00000496  A$aes192_z80_sdcc_O3_binaries/ae   aes192
     00000497  A$aes192_z80_sdcc_O3_binaries/ae   aes192
     00000498  A$aes192_z80_sdcc_O3_binaries/ae   aes192
     00000499  A$aes192_z80_sdcc_O3_binaries/ae   aes192
     0000049A  A$aes192_z80_sdcc_O3_binaries/ae   aes192
     0000049C  A$aes192_z80_sdcc_O3_binaries/ae   aes192
     0000049F  A$aes192_z80_sdcc_O3_binaries/ae   aes192
     0000049F  C$aes192.c$52$3_0$44               aes192
     000004A0  A$aes192_z80_sdcc_O3_binaries/ae   aes192
     000004A1  A$aes192_z80_sdcc_O3_binaries/ae   aes192
     000004A3  A$aes192_z80_sdcc_O3_binaries/ae   aes192
     000004A5  A$aes192_z80_sdcc_O3_binaries/ae   aes192
     000004A7  A$aes192_z80_sdcc_O3_binaries/ae   aes192
     000004A9  A$aes192_z80_sdcc_O3_binaries/ae   aes192
     000004AC  A$aes192_z80_sdcc_O3_binaries/ae   aes192
     000004AD  A$aes192_z80_sdcc_O3_binaries/ae   aes192
     000004B0  A$aes192_z80_sdcc_O3_binaries/ae   aes192
     000004B3  A$aes192_z80_sdcc_O3_binaries/ae   aes192
     000004B4  A$aes192_z80_sdcc_O3_binaries/ae   aes192
     000004B7  A$aes192_z80_sdcc_O3_binaries/ae   aes192
     000004B8  A$aes192_z80_sdcc_O3_binaries/ae   aes192
     000004B9  A$aes192_z80_sdcc_O3_binaries/ae   aes192
     000004BA  A$aes192_z80_sdcc_O3_binaries/ae   aes192
     000004BD  A$aes192_z80_sdcc_O3_binaries/ae   aes192
     000004C0  A$aes192_z80_sdcc_O3_binaries/ae   aes192
     000004C1  A$aes192_z80_sdcc_O3_binaries/ae   aes192
     000004C4  A$aes192_z80_sdcc_O3_binaries/ae   aes192
     000004C7  A$aes192_z80_sdcc_O3_binaries/ae   aes192
     000004CA  A$aes192_z80_sdcc_O3_binaries/ae   aes192
     000004CD  A$aes192_z80_sdcc_O3_binaries/ae   aes192
     000004D0  A$aes192_z80_sdcc_O3_binaries/ae   aes192
     000004D3  A$aes192_z80_sdcc_O3_binaries/ae   aes192
     000004D6  A$aes192_z80_sdcc_O3_binaries/ae   aes192
     000004D9  A$aes192_z80_sdcc_O3_binaries/ae   aes192
     000004DC  A$aes192_z80_sdcc_O3_binaries/ae   aes192
     000004DF  A$aes192_z80_sdcc_O3_binaries/ae   aes192
     000004E0  A$aes192_z80_sdcc_O3_binaries/ae   aes192
     000004E3  A$aes192_z80_sdcc_O3_binaries/ae   aes192
     000004E6  A$aes192_z80_sdcc_O3_binaries/ae   aes192
     000004E7  A$aes192_z80_sdcc_O3_binaries/ae   aes192
     000004EA  A$aes192_z80_sdcc_O3_binaries/ae   aes192
     000004ED  A$aes192_z80_sdcc_O3_binaries/ae   aes192
ASxxxx Linker V03.00 + NoICE + sdld,  page 8.
Hexadecimal  [32-Bits]

Area                                    Addr        Size        Decimal Bytes (Attributes)
--------------------------------        ----        ----        ------- ----- ------------
_CODE                               00000200    0000165F =        5727. bytes (REL,CON)

      Value  Global                              Global Defined In Module
      -----  --------------------------------   ------------------------
     000004F0  A$aes192_z80_sdcc_O3_binaries/ae   aes192
     000004F3  A$aes192_z80_sdcc_O3_binaries/ae   aes192
     000004F6  A$aes192_z80_sdcc_O3_binaries/ae   aes192
     000004F9  A$aes192_z80_sdcc_O3_binaries/ae   aes192
     000004FC  A$aes192_z80_sdcc_O3_binaries/ae   aes192
     000004FF  A$aes192_z80_sdcc_O3_binaries/ae   aes192
     00000502  A$aes192_z80_sdcc_O3_binaries/ae   aes192
     00000505  A$aes192_z80_sdcc_O3_binaries/ae   aes192
     00000506  A$aes192_z80_sdcc_O3_binaries/ae   aes192
     00000509  A$aes192_z80_sdcc_O3_binaries/ae   aes192
     0000050A  A$aes192_z80_sdcc_O3_binaries/ae   aes192
     0000050B  A$aes192_z80_sdcc_O3_binaries/ae   aes192
     0000050C  A$aes192_z80_sdcc_O3_binaries/ae   aes192
     0000050D  A$aes192_z80_sdcc_O3_binaries/ae   aes192
     00000510  A$aes192_z80_sdcc_O3_binaries/ae   aes192
     00000513  A$aes192_z80_sdcc_O3_binaries/ae   aes192
     00000514  A$aes192_z80_sdcc_O3_binaries/ae   aes192
     00000517  A$aes192_z80_sdcc_O3_binaries/ae   aes192
     0000051A  A$aes192_z80_sdcc_O3_binaries/ae   aes192
     0000051D  A$aes192_z80_sdcc_O3_binaries/ae   aes192
     00000520  A$aes192_z80_sdcc_O3_binaries/ae   aes192
     00000521  A$aes192_z80_sdcc_O3_binaries/ae   aes192
     00000521  C$aes192.c$53$3_0$44               aes192
     00000522  A$aes192_z80_sdcc_O3_binaries/ae   aes192
     00000523  A$aes192_z80_sdcc_O3_binaries/ae   aes192
     00000526  A$aes192_z80_sdcc_O3_binaries/ae   aes192
     00000527  A$aes192_z80_sdcc_O3_binaries/ae   aes192
     00000528  A$aes192_z80_sdcc_O3_binaries/ae   aes192
     0000052B  A$aes192_z80_sdcc_O3_binaries/ae   aes192
     0000052C  A$aes192_z80_sdcc_O3_binaries/ae   aes192
     0000052D  A$aes192_z80_sdcc_O3_binaries/ae   aes192
     0000052E  A$aes192_z80_sdcc_O3_binaries/ae   aes192
     0000052F  A$aes192_z80_sdcc_O3_binaries/ae   aes192
     00000530  A$aes192_z80_sdcc_O3_binaries/ae   aes192
     00000531  A$aes192_z80_sdcc_O3_binaries/ae   aes192
     00000534  A$aes192_z80_sdcc_O3_binaries/ae   aes192
     00000535  A$aes192_z80_sdcc_O3_binaries/ae   aes192
     00000536  A$aes192_z80_sdcc_O3_binaries/ae   aes192
     00000539  A$aes192_z80_sdcc_O3_binaries/ae   aes192
     0000053A  A$aes192_z80_sdcc_O3_binaries/ae   aes192
     0000053B  A$aes192_z80_sdcc_O3_binaries/ae   aes192
     0000053C  A$aes192_z80_sdcc_O3_binaries/ae   aes192
     0000053D  A$aes192_z80_sdcc_O3_binaries/ae   aes192
     0000053E  A$aes192_z80_sdcc_O3_binaries/ae   aes192
     0000053F  A$aes192_z80_sdcc_O3_binaries/ae   aes192
     00000542  A$aes192_z80_sdcc_O3_binaries/ae   aes192
     00000545  A$aes192_z80_sdcc_O3_binaries/ae   aes192
     00000546  A$aes192_z80_sdcc_O3_binaries/ae   aes192
     00000547  A$aes192_z80_sdcc_O3_binaries/ae   aes192
     00000548  A$aes192_z80_sdcc_O3_binaries/ae   aes192
     00000549  A$aes192_z80_sdcc_O3_binaries/ae   aes192
ASxxxx Linker V03.00 + NoICE + sdld,  page 9.
Hexadecimal  [32-Bits]

Area                                    Addr        Size        Decimal Bytes (Attributes)
--------------------------------        ----        ----        ------- ----- ------------
_CODE                               00000200    0000165F =        5727. bytes (REL,CON)

      Value  Global                              Global Defined In Module
      -----  --------------------------------   ------------------------
     00000549  C$aes192.c$54$3_0$44               aes192
     0000054A  A$aes192_z80_sdcc_O3_binaries/ae   aes192
     0000054B  A$aes192_z80_sdcc_O3_binaries/ae   aes192
     0000054E  A$aes192_z80_sdcc_O3_binaries/ae   aes192
     0000054F  A$aes192_z80_sdcc_O3_binaries/ae   aes192
     00000550  A$aes192_z80_sdcc_O3_binaries/ae   aes192
     00000553  A$aes192_z80_sdcc_O3_binaries/ae   aes192
     00000554  A$aes192_z80_sdcc_O3_binaries/ae   aes192
     00000555  A$aes192_z80_sdcc_O3_binaries/ae   aes192
     00000556  A$aes192_z80_sdcc_O3_binaries/ae   aes192
     00000557  A$aes192_z80_sdcc_O3_binaries/ae   aes192
     0000055A  A$aes192_z80_sdcc_O3_binaries/ae   aes192
     0000055B  A$aes192_z80_sdcc_O3_binaries/ae   aes192
     0000055C  A$aes192_z80_sdcc_O3_binaries/ae   aes192
     0000055D  A$aes192_z80_sdcc_O3_binaries/ae   aes192
     00000560  A$aes192_z80_sdcc_O3_binaries/ae   aes192
     00000561  A$aes192_z80_sdcc_O3_binaries/ae   aes192
     00000562  A$aes192_z80_sdcc_O3_binaries/ae   aes192
     00000565  A$aes192_z80_sdcc_O3_binaries/ae   aes192
     00000566  A$aes192_z80_sdcc_O3_binaries/ae   aes192
     00000567  A$aes192_z80_sdcc_O3_binaries/ae   aes192
     00000568  A$aes192_z80_sdcc_O3_binaries/ae   aes192
     00000569  A$aes192_z80_sdcc_O3_binaries/ae   aes192
     0000056A  A$aes192_z80_sdcc_O3_binaries/ae   aes192
     0000056D  A$aes192_z80_sdcc_O3_binaries/ae   aes192
     0000056E  A$aes192_z80_sdcc_O3_binaries/ae   aes192
     00000571  A$aes192_z80_sdcc_O3_binaries/ae   aes192
     00000574  A$aes192_z80_sdcc_O3_binaries/ae   aes192
     00000575  A$aes192_z80_sdcc_O3_binaries/ae   aes192
     00000575  C$aes192.c$55$3_0$44               aes192
     00000578  A$aes192_z80_sdcc_O3_binaries/ae   aes192
     0000057B  A$aes192_z80_sdcc_O3_binaries/ae   aes192
     0000057C  A$aes192_z80_sdcc_O3_binaries/ae   aes192
     0000057D  A$aes192_z80_sdcc_O3_binaries/ae   aes192
     0000057E  A$aes192_z80_sdcc_O3_binaries/ae   aes192
     00000581  A$aes192_z80_sdcc_O3_binaries/ae   aes192
     00000582  A$aes192_z80_sdcc_O3_binaries/ae   aes192
     00000583  A$aes192_z80_sdcc_O3_binaries/ae   aes192
     00000586  A$aes192_z80_sdcc_O3_binaries/ae   aes192
     00000587  A$aes192_z80_sdcc_O3_binaries/ae   aes192
     00000588  A$aes192_z80_sdcc_O3_binaries/ae   aes192
     00000589  A$aes192_z80_sdcc_O3_binaries/ae   aes192
     0000058A  A$aes192_z80_sdcc_O3_binaries/ae   aes192
     0000058B  A$aes192_z80_sdcc_O3_binaries/ae   aes192
     0000058C  A$aes192_z80_sdcc_O3_binaries/ae   aes192
     0000058D  A$aes192_z80_sdcc_O3_binaries/ae   aes192
     0000058E  A$aes192_z80_sdcc_O3_binaries/ae   aes192
     0000058F  A$aes192_z80_sdcc_O3_binaries/ae   aes192
     00000590  A$aes192_z80_sdcc_O3_binaries/ae   aes192
     00000591  A$aes192_z80_sdcc_O3_binaries/ae   aes192
     00000594  A$aes192_z80_sdcc_O3_binaries/ae   aes192
ASxxxx Linker V03.00 + NoICE + sdld,  page 10.
Hexadecimal  [32-Bits]

Area                                    Addr        Size        Decimal Bytes (Attributes)
--------------------------------        ----        ----        ------- ----- ------------
_CODE                               00000200    0000165F =        5727. bytes (REL,CON)

      Value  Global                              Global Defined In Module
      -----  --------------------------------   ------------------------
     00000595  A$aes192_z80_sdcc_O3_binaries/ae   aes192
     00000596  A$aes192_z80_sdcc_O3_binaries/ae   aes192
     00000597  A$aes192_z80_sdcc_O3_binaries/ae   aes192
     00000598  A$aes192_z80_sdcc_O3_binaries/ae   aes192
     00000599  A$aes192_z80_sdcc_O3_binaries/ae   aes192
     0000059A  A$aes192_z80_sdcc_O3_binaries/ae   aes192
     0000059D  A$aes192_z80_sdcc_O3_binaries/ae   aes192
     000005A0  A$aes192_z80_sdcc_O3_binaries/ae   aes192
     000005A1  A$aes192_z80_sdcc_O3_binaries/ae   aes192
     000005A1  C$aes192.c$56$3_0$44               aes192
     000005A2  A$aes192_z80_sdcc_O3_binaries/ae   aes192
     000005A3  A$aes192_z80_sdcc_O3_binaries/ae   aes192
     000005A6  A$aes192_z80_sdcc_O3_binaries/ae   aes192
     000005A7  A$aes192_z80_sdcc_O3_binaries/ae   aes192
     000005A8  A$aes192_z80_sdcc_O3_binaries/ae   aes192
     000005AB  A$aes192_z80_sdcc_O3_binaries/ae   aes192
     000005AC  A$aes192_z80_sdcc_O3_binaries/ae   aes192
     000005AD  A$aes192_z80_sdcc_O3_binaries/ae   aes192
     000005AE  A$aes192_z80_sdcc_O3_binaries/ae   aes192
     000005AF  A$aes192_z80_sdcc_O3_binaries/ae   aes192
     000005B2  A$aes192_z80_sdcc_O3_binaries/ae   aes192
     000005B5  A$aes192_z80_sdcc_O3_binaries/ae   aes192
     000005B8  A$aes192_z80_sdcc_O3_binaries/ae   aes192
     000005B9  A$aes192_z80_sdcc_O3_binaries/ae   aes192
     000005BA  A$aes192_z80_sdcc_O3_binaries/ae   aes192
     000005BB  A$aes192_z80_sdcc_O3_binaries/ae   aes192
     000005BC  A$aes192_z80_sdcc_O3_binaries/ae   aes192
     000005BD  A$aes192_z80_sdcc_O3_binaries/ae   aes192
     000005BE  A$aes192_z80_sdcc_O3_binaries/ae   aes192
     000005C1  A$aes192_z80_sdcc_O3_binaries/ae   aes192
     000005C2  A$aes192_z80_sdcc_O3_binaries/ae   aes192
     000005C3  A$aes192_z80_sdcc_O3_binaries/ae   aes192
     000005C4  A$aes192_z80_sdcc_O3_binaries/ae   aes192
     000005C5  A$aes192_z80_sdcc_O3_binaries/ae   aes192
     000005C6  A$aes192_z80_sdcc_O3_binaries/ae   aes192
     000005C9  A$aes192_z80_sdcc_O3_binaries/ae   aes192
     000005CC  A$aes192_z80_sdcc_O3_binaries/ae   aes192
     000005CD  A$aes192_z80_sdcc_O3_binaries/ae   aes192
     000005CD  C$aes192.c$51$2_0$43               aes192
     000005CE  A$aes192_z80_sdcc_O3_binaries/ae   aes192
     000005D1  A$aes192_z80_sdcc_O3_binaries/ae   aes192
     000005D3  A$aes192_z80_sdcc_O3_binaries/ae   aes192
     000005D5  A$aes192_z80_sdcc_O3_binaries/ae   aes192
     000005D5  C$aes192.c$58$2_0$43               aes192
     000005D5  XFaes192$MixColumns$0$0            aes192
     000005D6  A$aes192_z80_sdcc_O3_binaries/ae   aes192
     000005D6  C$aes192.c$60$2_0$47               aes192
     000005D6  Faes192$AddRoundKey$0$0            aes192
     000005D8  A$aes192_z80_sdcc_O3_binaries/ae   aes192
     000005DC  A$aes192_z80_sdcc_O3_binaries/ae   aes192
     000005DE  A$aes192_z80_sdcc_O3_binaries/ae   aes192
ASxxxx Linker V03.00 + NoICE + sdld,  page 11.
Hexadecimal  [32-Bits]

Area                                    Addr        Size        Decimal Bytes (Attributes)
--------------------------------        ----        ----        ------- ----- ------------
_CODE                               00000200    0000165F =        5727. bytes (REL,CON)

      Value  Global                              Global Defined In Module
      -----  --------------------------------   ------------------------
     000005DF  A$aes192_z80_sdcc_O3_binaries/ae   aes192
     000005DF  C$aes192.c$61$2_0$47               aes192
     000005E2  A$aes192_z80_sdcc_O3_binaries/ae   aes192
     000005E3  A$aes192_z80_sdcc_O3_binaries/ae   aes192
     000005E5  A$aes192_z80_sdcc_O3_binaries/ae   aes192
     000005E6  A$aes192_z80_sdcc_O3_binaries/ae   aes192
     000005E7  A$aes192_z80_sdcc_O3_binaries/ae   aes192
     000005E8  A$aes192_z80_sdcc_O3_binaries/ae   aes192
     000005E9  A$aes192_z80_sdcc_O3_binaries/ae   aes192
     000005EB  A$aes192_z80_sdcc_O3_binaries/ae   aes192
     000005ED  A$aes192_z80_sdcc_O3_binaries/ae   aes192
     000005F0  A$aes192_z80_sdcc_O3_binaries/ae   aes192
     000005F1  A$aes192_z80_sdcc_O3_binaries/ae   aes192
     000005F2  A$aes192_z80_sdcc_O3_binaries/ae   aes192
     000005F5  A$aes192_z80_sdcc_O3_binaries/ae   aes192
     000005F6  A$aes192_z80_sdcc_O3_binaries/ae   aes192
     000005F7  A$aes192_z80_sdcc_O3_binaries/ae   aes192
     000005F8  A$aes192_z80_sdcc_O3_binaries/ae   aes192
     000005FB  A$aes192_z80_sdcc_O3_binaries/ae   aes192
     000005FE  A$aes192_z80_sdcc_O3_binaries/ae   aes192
     00000601  A$aes192_z80_sdcc_O3_binaries/ae   aes192
     00000602  A$aes192_z80_sdcc_O3_binaries/ae   aes192
     00000603  A$aes192_z80_sdcc_O3_binaries/ae   aes192
     00000606  A$aes192_z80_sdcc_O3_binaries/ae   aes192
     00000607  A$aes192_z80_sdcc_O3_binaries/ae   aes192
     00000608  A$aes192_z80_sdcc_O3_binaries/ae   aes192
     0000060A  A$aes192_z80_sdcc_O3_binaries/ae   aes192
     0000060B  A$aes192_z80_sdcc_O3_binaries/ae   aes192
     0000060D  A$aes192_z80_sdcc_O3_binaries/ae   aes192
     0000060D  C$aes192.c$62$2_0$47               aes192
     0000060D  XFaes192$AddRoundKey$0$0           aes192
     0000060E  A$aes192_z80_sdcc_O3_binaries/ae   aes192
     0000060E  C$aes192.c$64$2_0$49               aes192
     0000060E  Faes192$KeyExpansion$0$0           aes192
     00000610  A$aes192_z80_sdcc_O3_binaries/ae   aes192
     00000614  A$aes192_z80_sdcc_O3_binaries/ae   aes192
     00000616  A$aes192_z80_sdcc_O3_binaries/ae   aes192
     00000619  A$aes192_z80_sdcc_O3_binaries/ae   aes192
     0000061A  A$aes192_z80_sdcc_O3_binaries/ae   aes192
     0000061B  A$aes192_z80_sdcc_O3_binaries/ae   aes192
     0000061B  C$aes192.c$68$1_0$49               aes192
     0000061E  A$aes192_z80_sdcc_O3_binaries/ae   aes192
     0000061F  A$aes192_z80_sdcc_O3_binaries/ae   aes192
     00000622  A$aes192_z80_sdcc_O3_binaries/ae   aes192
     00000625  A$aes192_z80_sdcc_O3_binaries/ae   aes192
     00000626  A$aes192_z80_sdcc_O3_binaries/ae   aes192
     00000629  A$aes192_z80_sdcc_O3_binaries/ae   aes192
     0000062C  A$aes192_z80_sdcc_O3_binaries/ae   aes192
     0000062F  A$aes192_z80_sdcc_O3_binaries/ae   aes192
     00000631  A$aes192_z80_sdcc_O3_binaries/ae   aes192
     00000631  C$aes192.c$70$2_0$50               aes192
ASxxxx Linker V03.00 + NoICE + sdld,  page 12.
Hexadecimal  [32-Bits]

Area                                    Addr        Size        Decimal Bytes (Attributes)
--------------------------------        ----        ----        ------- ----- ------------
_CODE                               00000200    0000165F =        5727. bytes (REL,CON)

      Value  Global                              Global Defined In Module
      -----  --------------------------------   ------------------------
     00000635  A$aes192_z80_sdcc_O3_binaries/ae   aes192
     00000636  A$aes192_z80_sdcc_O3_binaries/ae   aes192
     00000639  A$aes192_z80_sdcc_O3_binaries/ae   aes192
     00000639  C$aes192.c$73$3_1$52               aes192
     0000063C  A$aes192_z80_sdcc_O3_binaries/ae   aes192
     0000063D  A$aes192_z80_sdcc_O3_binaries/ae   aes192
     00000640  A$aes192_z80_sdcc_O3_binaries/ae   aes192
     00000643  A$aes192_z80_sdcc_O3_binaries/ae   aes192
     00000646  A$aes192_z80_sdcc_O3_binaries/ae   aes192
     00000649  A$aes192_z80_sdcc_O3_binaries/ae   aes192
     0000064C  A$aes192_z80_sdcc_O3_binaries/ae   aes192
     0000064F  A$aes192_z80_sdcc_O3_binaries/ae   aes192
     00000653  A$aes192_z80_sdcc_O3_binaries/ae   aes192
     00000654  A$aes192_z80_sdcc_O3_binaries/ae   aes192
     00000657  A$aes192_z80_sdcc_O3_binaries/ae   aes192
     0000065A  A$aes192_z80_sdcc_O3_binaries/ae   aes192
     0000065C  A$aes192_z80_sdcc_O3_binaries/ae   aes192
     0000065F  A$aes192_z80_sdcc_O3_binaries/ae   aes192
     00000660  A$aes192_z80_sdcc_O3_binaries/ae   aes192
     00000661  A$aes192_z80_sdcc_O3_binaries/ae   aes192
     00000662  A$aes192_z80_sdcc_O3_binaries/ae   aes192
     00000664  A$aes192_z80_sdcc_O3_binaries/ae   aes192
     00000667  A$aes192_z80_sdcc_O3_binaries/ae   aes192
     0000066A  A$aes192_z80_sdcc_O3_binaries/ae   aes192
     0000066C  A$aes192_z80_sdcc_O3_binaries/ae   aes192
     0000066F  A$aes192_z80_sdcc_O3_binaries/ae   aes192
     00000672  A$aes192_z80_sdcc_O3_binaries/ae   aes192
     00000674  A$aes192_z80_sdcc_O3_binaries/ae   aes192
     00000677  A$aes192_z80_sdcc_O3_binaries/ae   aes192
     0000067A  A$aes192_z80_sdcc_O3_binaries/ae   aes192
     0000067B  A$aes192_z80_sdcc_O3_binaries/ae   aes192
     0000067D  A$aes192_z80_sdcc_O3_binaries/ae   aes192
     0000067E  A$aes192_z80_sdcc_O3_binaries/ae   aes192
     0000067F  A$aes192_z80_sdcc_O3_binaries/ae   aes192
     00000680  A$aes192_z80_sdcc_O3_binaries/ae   aes192
     00000681  A$aes192_z80_sdcc_O3_binaries/ae   aes192
     00000683  A$aes192_z80_sdcc_O3_binaries/ae   aes192
     00000685  A$aes192_z80_sdcc_O3_binaries/ae   aes192
     00000685  C$aes192.c$75$3_1$52               aes192
     00000688  A$aes192_z80_sdcc_O3_binaries/ae   aes192
     00000689  A$aes192_z80_sdcc_O3_binaries/ae   aes192
     0000068C  A$aes192_z80_sdcc_O3_binaries/ae   aes192
     0000068F  A$aes192_z80_sdcc_O3_binaries/ae   aes192
     00000690  A$aes192_z80_sdcc_O3_binaries/ae   aes192
     00000693  A$aes192_z80_sdcc_O3_binaries/ae   aes192
     00000696  A$aes192_z80_sdcc_O3_binaries/ae   aes192
     00000697  A$aes192_z80_sdcc_O3_binaries/ae   aes192
     00000698  A$aes192_z80_sdcc_O3_binaries/ae   aes192
     0000069B  A$aes192_z80_sdcc_O3_binaries/ae   aes192
     0000069C  A$aes192_z80_sdcc_O3_binaries/ae   aes192
     0000069D  A$aes192_z80_sdcc_O3_binaries/ae   aes192
ASxxxx Linker V03.00 + NoICE + sdld,  page 13.
Hexadecimal  [32-Bits]

Area                                    Addr        Size        Decimal Bytes (Attributes)
--------------------------------        ----        ----        ------- ----- ------------
_CODE                               00000200    0000165F =        5727. bytes (REL,CON)

      Value  Global                              Global Defined In Module
      -----  --------------------------------   ------------------------
     0000069E  A$aes192_z80_sdcc_O3_binaries/ae   aes192
     000006A1  A$aes192_z80_sdcc_O3_binaries/ae   aes192
     000006A2  A$aes192_z80_sdcc_O3_binaries/ae   aes192
     000006A3  A$aes192_z80_sdcc_O3_binaries/ae   aes192
     000006A6  A$aes192_z80_sdcc_O3_binaries/ae   aes192
     000006A7  A$aes192_z80_sdcc_O3_binaries/ae   aes192
     000006A8  A$aes192_z80_sdcc_O3_binaries/ae   aes192
     000006AB  A$aes192_z80_sdcc_O3_binaries/ae   aes192
     000006AE  A$aes192_z80_sdcc_O3_binaries/ae   aes192
     000006AF  A$aes192_z80_sdcc_O3_binaries/ae   aes192
     000006AF  C$aes192.c$74$3_1$52               aes192
     000006B0  A$aes192_z80_sdcc_O3_binaries/ae   aes192
     000006B2  A$aes192_z80_sdcc_O3_binaries/ae   aes192
     000006B2  C$aes192.c$77$2_1$49               aes192
     000006B5  A$aes192_z80_sdcc_O3_binaries/ae   aes192
     000006B6  A$aes192_z80_sdcc_O3_binaries/ae   aes192
     000006B9  A$aes192_z80_sdcc_O3_binaries/ae   aes192
     000006BC  A$aes192_z80_sdcc_O3_binaries/ae   aes192
     000006BD  A$aes192_z80_sdcc_O3_binaries/ae   aes192
     000006C0  A$aes192_z80_sdcc_O3_binaries/ae   aes192
     000006C1  A$aes192_z80_sdcc_O3_binaries/ae   aes192
     000006C2  A$aes192_z80_sdcc_O3_binaries/ae   aes192
     000006C3  A$aes192_z80_sdcc_O3_binaries/ae   aes192
     000006C4  A$aes192_z80_sdcc_O3_binaries/ae   aes192
     000006C5  A$aes192_z80_sdcc_O3_binaries/ae   aes192
     000006C7  A$aes192_z80_sdcc_O3_binaries/ae   aes192
     000006C7  C$aes192.c$78$3_1$53               aes192
     000006CA  A$aes192_z80_sdcc_O3_binaries/ae   aes192
     000006CD  A$aes192_z80_sdcc_O3_binaries/ae   aes192
     000006CE  A$aes192_z80_sdcc_O3_binaries/ae   aes192
     000006D1  A$aes192_z80_sdcc_O3_binaries/ae   aes192
     000006D1  C$aes192.c$79$3_1$53               aes192
     000006D4  A$aes192_z80_sdcc_O3_binaries/ae   aes192
     000006D7  A$aes192_z80_sdcc_O3_binaries/ae   aes192
     000006D8  A$aes192_z80_sdcc_O3_binaries/ae   aes192
     000006D9  A$aes192_z80_sdcc_O3_binaries/ae   aes192
     000006DB  A$aes192_z80_sdcc_O3_binaries/ae   aes192
     000006DC  A$aes192_z80_sdcc_O3_binaries/ae   aes192
     000006DE  A$aes192_z80_sdcc_O3_binaries/ae   aes192
     000006E0  A$aes192_z80_sdcc_O3_binaries/ae   aes192
     000006E1  A$aes192_z80_sdcc_O3_binaries/ae   aes192
     000006E2  A$aes192_z80_sdcc_O3_binaries/ae   aes192
     000006E5  A$aes192_z80_sdcc_O3_binaries/ae   aes192
     000006E8  A$aes192_z80_sdcc_O3_binaries/ae   aes192
     000006EB  A$aes192_z80_sdcc_O3_binaries/ae   aes192
     000006EE  A$aes192_z80_sdcc_O3_binaries/ae   aes192
     000006EF  A$aes192_z80_sdcc_O3_binaries/ae   aes192
     000006EF  C$aes192.c$80$3_1$53               aes192
     000006F2  A$aes192_z80_sdcc_O3_binaries/ae   aes192
     000006F5  A$aes192_z80_sdcc_O3_binaries/ae   aes192
     000006F6  A$aes192_z80_sdcc_O3_binaries/ae   aes192
ASxxxx Linker V03.00 + NoICE + sdld,  page 14.
Hexadecimal  [32-Bits]

Area                                    Addr        Size        Decimal Bytes (Attributes)
--------------------------------        ----        ----        ------- ----- ------------
_CODE                               00000200    0000165F =        5727. bytes (REL,CON)

      Value  Global                              Global Defined In Module
      -----  --------------------------------   ------------------------
     000006F7  A$aes192_z80_sdcc_O3_binaries/ae   aes192
     000006F8  A$aes192_z80_sdcc_O3_binaries/ae   aes192
     000006FA  A$aes192_z80_sdcc_O3_binaries/ae   aes192
     000006FB  A$aes192_z80_sdcc_O3_binaries/ae   aes192
     000006FD  A$aes192_z80_sdcc_O3_binaries/ae   aes192
     000006FF  A$aes192_z80_sdcc_O3_binaries/ae   aes192
     00000700  A$aes192_z80_sdcc_O3_binaries/ae   aes192
     00000701  A$aes192_z80_sdcc_O3_binaries/ae   aes192
     00000702  A$aes192_z80_sdcc_O3_binaries/ae   aes192
     00000702  C$aes192.c$81$3_1$53               aes192
     00000705  A$aes192_z80_sdcc_O3_binaries/ae   aes192
     00000708  A$aes192_z80_sdcc_O3_binaries/ae   aes192
     00000709  A$aes192_z80_sdcc_O3_binaries/ae   aes192
     0000070A  A$aes192_z80_sdcc_O3_binaries/ae   aes192
     0000070B  A$aes192_z80_sdcc_O3_binaries/ae   aes192
     0000070C  A$aes192_z80_sdcc_O3_binaries/ae   aes192
     0000070E  A$aes192_z80_sdcc_O3_binaries/ae   aes192
     0000070F  A$aes192_z80_sdcc_O3_binaries/ae   aes192
     00000711  A$aes192_z80_sdcc_O3_binaries/ae   aes192
     00000713  A$aes192_z80_sdcc_O3_binaries/ae   aes192
     00000714  A$aes192_z80_sdcc_O3_binaries/ae   aes192
     00000715  A$aes192_z80_sdcc_O3_binaries/ae   aes192
     00000716  A$aes192_z80_sdcc_O3_binaries/ae   aes192
     00000716  C$aes192.c$82$3_1$53               aes192
     00000718  A$aes192_z80_sdcc_O3_binaries/ae   aes192
     0000071B  A$aes192_z80_sdcc_O3_binaries/ae   aes192
     0000071C  A$aes192_z80_sdcc_O3_binaries/ae   aes192
     0000071E  A$aes192_z80_sdcc_O3_binaries/ae   aes192
     00000720  A$aes192_z80_sdcc_O3_binaries/ae   aes192
     00000721  A$aes192_z80_sdcc_O3_binaries/ae   aes192
     00000722  A$aes192_z80_sdcc_O3_binaries/ae   aes192
     00000723  A$aes192_z80_sdcc_O3_binaries/ae   aes192
     00000723  C$aes192.c$83$3_1$53               aes192
     00000725  A$aes192_z80_sdcc_O3_binaries/ae   aes192
     00000728  A$aes192_z80_sdcc_O3_binaries/ae   aes192
     00000729  A$aes192_z80_sdcc_O3_binaries/ae   aes192
     0000072B  A$aes192_z80_sdcc_O3_binaries/ae   aes192
     0000072E  A$aes192_z80_sdcc_O3_binaries/ae   aes192
     0000072F  A$aes192_z80_sdcc_O3_binaries/ae   aes192
     00000732  A$aes192_z80_sdcc_O3_binaries/ae   aes192
     00000734  A$aes192_z80_sdcc_O3_binaries/ae   aes192
     00000737  A$aes192_z80_sdcc_O3_binaries/ae   aes192
     00000738  A$aes192_z80_sdcc_O3_binaries/ae   aes192
     0000073B  A$aes192_z80_sdcc_O3_binaries/ae   aes192
     0000073E  A$aes192_z80_sdcc_O3_binaries/ae   aes192
     00000741  A$aes192_z80_sdcc_O3_binaries/ae   aes192
     00000742  A$aes192_z80_sdcc_O3_binaries/ae   aes192
     00000742  C$aes192.c$86$2_1$49               aes192
     00000745  A$aes192_z80_sdcc_O3_binaries/ae   aes192
     00000748  A$aes192_z80_sdcc_O3_binaries/ae   aes192
     0000074B  A$aes192_z80_sdcc_O3_binaries/ae   aes192
ASxxxx Linker V03.00 + NoICE + sdld,  page 15.
Hexadecimal  [32-Bits]

Area                                    Addr        Size        Decimal Bytes (Attributes)
--------------------------------        ----        ----        ------- ----- ------------
_CODE                               00000200    0000165F =        5727. bytes (REL,CON)

      Value  Global                              Global Defined In Module
      -----  --------------------------------   ------------------------
     0000074E  A$aes192_z80_sdcc_O3_binaries/ae   aes192
     0000074F  A$aes192_z80_sdcc_O3_binaries/ae   aes192
     00000752  A$aes192_z80_sdcc_O3_binaries/ae   aes192
     00000755  A$aes192_z80_sdcc_O3_binaries/ae   aes192
     00000758  A$aes192_z80_sdcc_O3_binaries/ae   aes192
     0000075A  A$aes192_z80_sdcc_O3_binaries/ae   aes192
     0000075D  A$aes192_z80_sdcc_O3_binaries/ae   aes192
     0000075E  A$aes192_z80_sdcc_O3_binaries/ae   aes192
     0000075F  A$aes192_z80_sdcc_O3_binaries/ae   aes192
     00000760  A$aes192_z80_sdcc_O3_binaries/ae   aes192
     00000762  A$aes192_z80_sdcc_O3_binaries/ae   aes192
     00000765  A$aes192_z80_sdcc_O3_binaries/ae   aes192
     00000765  C$aes192.c$87$3_1$54               aes192
     00000768  A$aes192_z80_sdcc_O3_binaries/ae   aes192
     0000076B  A$aes192_z80_sdcc_O3_binaries/ae   aes192
     0000076E  A$aes192_z80_sdcc_O3_binaries/ae   aes192
     00000770  A$aes192_z80_sdcc_O3_binaries/ae   aes192
     00000773  A$aes192_z80_sdcc_O3_binaries/ae   aes192
     00000776  A$aes192_z80_sdcc_O3_binaries/ae   aes192
     00000779  A$aes192_z80_sdcc_O3_binaries/ae   aes192
     0000077C  A$aes192_z80_sdcc_O3_binaries/ae   aes192
     0000077F  A$aes192_z80_sdcc_O3_binaries/ae   aes192
     00000782  A$aes192_z80_sdcc_O3_binaries/ae   aes192
     00000783  A$aes192_z80_sdcc_O3_binaries/ae   aes192
     00000784  A$aes192_z80_sdcc_O3_binaries/ae   aes192
     00000787  A$aes192_z80_sdcc_O3_binaries/ae   aes192
     00000788  A$aes192_z80_sdcc_O3_binaries/ae   aes192
     00000789  A$aes192_z80_sdcc_O3_binaries/ae   aes192
     0000078C  A$aes192_z80_sdcc_O3_binaries/ae   aes192
     0000078E  A$aes192_z80_sdcc_O3_binaries/ae   aes192
     0000078F  A$aes192_z80_sdcc_O3_binaries/ae   aes192
     00000792  A$aes192_z80_sdcc_O3_binaries/ae   aes192
     00000794  A$aes192_z80_sdcc_O3_binaries/ae   aes192
     00000795  A$aes192_z80_sdcc_O3_binaries/ae   aes192
     00000798  A$aes192_z80_sdcc_O3_binaries/ae   aes192
     00000799  A$aes192_z80_sdcc_O3_binaries/ae   aes192
     0000079A  A$aes192_z80_sdcc_O3_binaries/ae   aes192
     0000079D  A$aes192_z80_sdcc_O3_binaries/ae   aes192
     0000079E  A$aes192_z80_sdcc_O3_binaries/ae   aes192
     0000079F  A$aes192_z80_sdcc_O3_binaries/ae   aes192
     000007A0  A$aes192_z80_sdcc_O3_binaries/ae   aes192
     000007A1  A$aes192_z80_sdcc_O3_binaries/ae   aes192
     000007A4  A$aes192_z80_sdcc_O3_binaries/ae   aes192
     000007A7  A$aes192_z80_sdcc_O3_binaries/ae   aes192
     000007A8  A$aes192_z80_sdcc_O3_binaries/ae   aes192
     000007AB  A$aes192_z80_sdcc_O3_binaries/ae   aes192
     000007AE  A$aes192_z80_sdcc_O3_binaries/ae   aes192
     000007AF  A$aes192_z80_sdcc_O3_binaries/ae   aes192
     000007B0  A$aes192_z80_sdcc_O3_binaries/ae   aes192
     000007B1  A$aes192_z80_sdcc_O3_binaries/ae   aes192
     000007B2  A$aes192_z80_sdcc_O3_binaries/ae   aes192
ASxxxx Linker V03.00 + NoICE + sdld,  page 16.
Hexadecimal  [32-Bits]

Area                                    Addr        Size        Decimal Bytes (Attributes)
--------------------------------        ----        ----        ------- ----- ------------
_CODE                               00000200    0000165F =        5727. bytes (REL,CON)

      Value  Global                              Global Defined In Module
      -----  --------------------------------   ------------------------
     000007B3  A$aes192_z80_sdcc_O3_binaries/ae   aes192
     000007B3  C$aes192.c$86$3_1$54               aes192
     000007B6  A$aes192_z80_sdcc_O3_binaries/ae   aes192
     000007B8  A$aes192_z80_sdcc_O3_binaries/ae   aes192
     000007BB  A$aes192_z80_sdcc_O3_binaries/ae   aes192
     000007BD  A$aes192_z80_sdcc_O3_binaries/ae   aes192
     000007BD  C$aes192.c$90$2_1$49               aes192
     000007BE  A$aes192_z80_sdcc_O3_binaries/ae   aes192
     000007C1  A$aes192_z80_sdcc_O3_binaries/ae   aes192
     000007C4  A$aes192_z80_sdcc_O3_binaries/ae   aes192
     000007C7  A$aes192_z80_sdcc_O3_binaries/ae   aes192
     000007C9  A$aes192_z80_sdcc_O3_binaries/ae   aes192
     000007CC  A$aes192_z80_sdcc_O3_binaries/ae   aes192
     000007CD  A$aes192_z80_sdcc_O3_binaries/ae   aes192
     000007CE  A$aes192_z80_sdcc_O3_binaries/ae   aes192
     000007CF  A$aes192_z80_sdcc_O3_binaries/ae   aes192
     000007D1  A$aes192_z80_sdcc_O3_binaries/ae   aes192
     000007D3  A$aes192_z80_sdcc_O3_binaries/ae   aes192
     000007D3  C$aes192.c$91$2_1$55               aes192
     000007D6  A$aes192_z80_sdcc_O3_binaries/ae   aes192
     000007D9  A$aes192_z80_sdcc_O3_binaries/ae   aes192
     000007DB  A$aes192_z80_sdcc_O3_binaries/ae   aes192
     000007DD  A$aes192_z80_sdcc_O3_binaries/ae   aes192
     000007DF  A$aes192_z80_sdcc_O3_binaries/ae   aes192
     000007E1  A$aes192_z80_sdcc_O3_binaries/ae   aes192
     000007E3  A$aes192_z80_sdcc_O3_binaries/ae   aes192
     000007E5  A$aes192_z80_sdcc_O3_binaries/ae   aes192
     000007E7  A$aes192_z80_sdcc_O3_binaries/ae   aes192
     000007E9  A$aes192_z80_sdcc_O3_binaries/ae   aes192
     000007EC  A$aes192_z80_sdcc_O3_binaries/ae   aes192
     000007EF  A$aes192_z80_sdcc_O3_binaries/ae   aes192
     000007F0  A$aes192_z80_sdcc_O3_binaries/ae   aes192
     000007F1  A$aes192_z80_sdcc_O3_binaries/ae   aes192
     000007F4  A$aes192_z80_sdcc_O3_binaries/ae   aes192
     000007F5  A$aes192_z80_sdcc_O3_binaries/ae   aes192
     000007F6  A$aes192_z80_sdcc_O3_binaries/ae   aes192
     000007F9  A$aes192_z80_sdcc_O3_binaries/ae   aes192
     000007FA  A$aes192_z80_sdcc_O3_binaries/ae   aes192
     000007FB  A$aes192_z80_sdcc_O3_binaries/ae   aes192
     000007FC  A$aes192_z80_sdcc_O3_binaries/ae   aes192
     000007FF  A$aes192_z80_sdcc_O3_binaries/ae   aes192
     00000801  A$aes192_z80_sdcc_O3_binaries/ae   aes192
     00000801  C$aes192.c$90$2_1$55               aes192
     00000804  A$aes192_z80_sdcc_O3_binaries/ae   aes192
     00000806  A$aes192_z80_sdcc_O3_binaries/ae   aes192
     00000809  A$aes192_z80_sdcc_O3_binaries/ae   aes192
     0000080B  A$aes192_z80_sdcc_O3_binaries/ae   aes192
     0000080D  A$aes192_z80_sdcc_O3_binaries/ae   aes192
     0000080F  A$aes192_z80_sdcc_O3_binaries/ae   aes192
     0000080F  C$aes192.c$92$2_1$49               aes192
     0000080F  XFaes192$KeyExpansion$0$0          aes192
ASxxxx Linker V03.00 + NoICE + sdld,  page 17.
Hexadecimal  [32-Bits]

Area                                    Addr        Size        Decimal Bytes (Attributes)
--------------------------------        ----        ----        ------- ----- ------------
_CODE                               00000200    0000165F =        5727. bytes (REL,CON)

      Value  Global                              Global Defined In Module
      -----  --------------------------------   ------------------------
     00000810  A$aes192_z80_sdcc_O3_binaries/ae   aes192
     00000810  C$aes192.c$94$2_1$57               aes192
     00000810  G$AES192_Encrypt$0$0               aes192
     00000810  _AES192_Encrypt                    aes192
     00000812  A$aes192_z80_sdcc_O3_binaries/ae   aes192
     00000816  A$aes192_z80_sdcc_O3_binaries/ae   aes192
     00000818  A$aes192_z80_sdcc_O3_binaries/ae   aes192
     0000081B  A$aes192_z80_sdcc_O3_binaries/ae   aes192
     0000081C  A$aes192_z80_sdcc_O3_binaries/ae   aes192
     0000081D  A$aes192_z80_sdcc_O3_binaries/ae   aes192
     0000081D  C$aes192.c$98$1_0$57               aes192
     00000820  A$aes192_z80_sdcc_O3_binaries/ae   aes192
     00000821  A$aes192_z80_sdcc_O3_binaries/ae   aes192
     00000822  A$aes192_z80_sdcc_O3_binaries/ae   aes192
     00000823  A$aes192_z80_sdcc_O3_binaries/ae   aes192
     00000824  A$aes192_z80_sdcc_O3_binaries/ae   aes192
     00000825  A$aes192_z80_sdcc_O3_binaries/ae   aes192
     00000828  A$aes192_z80_sdcc_O3_binaries/ae   aes192
     0000082B  A$aes192_z80_sdcc_O3_binaries/ae   aes192
     0000082C  A$aes192_z80_sdcc_O3_binaries/ae   aes192
     0000082F  A$aes192_z80_sdcc_O3_binaries/ae   aes192
     00000831  A$aes192_z80_sdcc_O3_binaries/ae   aes192
     00000832  A$aes192_z80_sdcc_O3_binaries/ae   aes192
     00000832  C$aes192.c$99$1_0$57               aes192
     00000835  A$aes192_z80_sdcc_O3_binaries/ae   aes192
     00000836  A$aes192_z80_sdcc_O3_binaries/ae   aes192
     00000837  A$aes192_z80_sdcc_O3_binaries/ae   aes192
     00000838  A$aes192_z80_sdcc_O3_binaries/ae   aes192
     0000083B  A$aes192_z80_sdcc_O3_binaries/ae   aes192
     0000083E  A$aes192_z80_sdcc_O3_binaries/ae   aes192
     0000083F  A$aes192_z80_sdcc_O3_binaries/ae   aes192
     00000842  A$aes192_z80_sdcc_O3_binaries/ae   aes192
     00000843  A$aes192_z80_sdcc_O3_binaries/ae   aes192
     00000844  A$aes192_z80_sdcc_O3_binaries/ae   aes192
     00000845  A$aes192_z80_sdcc_O3_binaries/ae   aes192
     00000845  C$aes192.c$101$1_0$57              aes192
     00000848  A$aes192_z80_sdcc_O3_binaries/ae   aes192
     00000849  A$aes192_z80_sdcc_O3_binaries/ae   aes192
     0000084A  A$aes192_z80_sdcc_O3_binaries/ae   aes192
     0000084B  A$aes192_z80_sdcc_O3_binaries/ae   aes192
     0000084C  A$aes192_z80_sdcc_O3_binaries/ae   aes192
     0000084D  A$aes192_z80_sdcc_O3_binaries/ae   aes192
     0000084E  A$aes192_z80_sdcc_O3_binaries/ae   aes192
     00000851  A$aes192_z80_sdcc_O3_binaries/ae   aes192
     00000852  A$aes192_z80_sdcc_O3_binaries/ae   aes192
     00000853  A$aes192_z80_sdcc_O3_binaries/ae   aes192
     00000854  A$aes192_z80_sdcc_O3_binaries/ae   aes192
     00000854  C$aes192.c$103$3_0$59              aes192
     00000857  A$aes192_z80_sdcc_O3_binaries/ae   aes192
     0000085A  A$aes192_z80_sdcc_O3_binaries/ae   aes192
     0000085D  A$aes192_z80_sdcc_O3_binaries/ae   aes192
ASxxxx Linker V03.00 + NoICE + sdld,  page 18.
Hexadecimal  [32-Bits]

Area                                    Addr        Size        Decimal Bytes (Attributes)
--------------------------------        ----        ----        ------- ----- ------------
_CODE                               00000200    0000165F =        5727. bytes (REL,CON)

      Value  Global                              Global Defined In Module
      -----  --------------------------------   ------------------------
     00000860  A$aes192_z80_sdcc_O3_binaries/ae   aes192
     00000863  A$aes192_z80_sdcc_O3_binaries/ae   aes192
     00000866  A$aes192_z80_sdcc_O3_binaries/ae   aes192
     00000869  A$aes192_z80_sdcc_O3_binaries/ae   aes192
     0000086A  A$aes192_z80_sdcc_O3_binaries/ae   aes192
     0000086D  A$aes192_z80_sdcc_O3_binaries/ae   aes192
     00000870  A$aes192_z80_sdcc_O3_binaries/ae   aes192
     00000873  A$aes192_z80_sdcc_O3_binaries/ae   aes192
     00000876  A$aes192_z80_sdcc_O3_binaries/ae   aes192
     0000087A  A$aes192_z80_sdcc_O3_binaries/ae   aes192
     0000087B  A$aes192_z80_sdcc_O3_binaries/ae   aes192
     0000087E  A$aes192_z80_sdcc_O3_binaries/ae   aes192
     00000881  A$aes192_z80_sdcc_O3_binaries/ae   aes192
     00000883  A$aes192_z80_sdcc_O3_binaries/ae   aes192
     00000886  A$aes192_z80_sdcc_O3_binaries/ae   aes192
     00000887  A$aes192_z80_sdcc_O3_binaries/ae   aes192
     00000888  A$aes192_z80_sdcc_O3_binaries/ae   aes192
     00000889  A$aes192_z80_sdcc_O3_binaries/ae   aes192
     0000088B  A$aes192_z80_sdcc_O3_binaries/ae   aes192
     0000088D  A$aes192_z80_sdcc_O3_binaries/ae   aes192
     0000088D  C$aes192.c$104$3_0$59              aes192
     00000890  A$aes192_z80_sdcc_O3_binaries/ae   aes192
     00000893  A$aes192_z80_sdcc_O3_binaries/ae   aes192
     00000894  A$aes192_z80_sdcc_O3_binaries/ae   aes192
     00000895  A$aes192_z80_sdcc_O3_binaries/ae   aes192
     00000898  A$aes192_z80_sdcc_O3_binaries/ae   aes192
     00000899  A$aes192_z80_sdcc_O3_binaries/ae   aes192
     0000089A  A$aes192_z80_sdcc_O3_binaries/ae   aes192
     0000089A  C$aes192.c$105$3_0$59              aes192
     0000089D  A$aes192_z80_sdcc_O3_binaries/ae   aes192
     000008A0  A$aes192_z80_sdcc_O3_binaries/ae   aes192
     000008A1  A$aes192_z80_sdcc_O3_binaries/ae   aes192
     000008A2  A$aes192_z80_sdcc_O3_binaries/ae   aes192
     000008A5  A$aes192_z80_sdcc_O3_binaries/ae   aes192
     000008A6  A$aes192_z80_sdcc_O3_binaries/ae   aes192
     000008A7  A$aes192_z80_sdcc_O3_binaries/ae   aes192
     000008A7  C$aes192.c$106$3_0$59              aes192
     000008AA  A$aes192_z80_sdcc_O3_binaries/ae   aes192
     000008AD  A$aes192_z80_sdcc_O3_binaries/ae   aes192
     000008AE  A$aes192_z80_sdcc_O3_binaries/ae   aes192
     000008AF  A$aes192_z80_sdcc_O3_binaries/ae   aes192
     000008B2  A$aes192_z80_sdcc_O3_binaries/ae   aes192
     000008B3  A$aes192_z80_sdcc_O3_binaries/ae   aes192
     000008B4  A$aes192_z80_sdcc_O3_binaries/ae   aes192
     000008B4  C$aes192.c$107$3_0$59              aes192
     000008B7  A$aes192_z80_sdcc_O3_binaries/ae   aes192
     000008BA  A$aes192_z80_sdcc_O3_binaries/ae   aes192
     000008BC  A$aes192_z80_sdcc_O3_binaries/ae   aes192
     000008BE  A$aes192_z80_sdcc_O3_binaries/ae   aes192
     000008C0  A$aes192_z80_sdcc_O3_binaries/ae   aes192
     000008C2  A$aes192_z80_sdcc_O3_binaries/ae   aes192
ASxxxx Linker V03.00 + NoICE + sdld,  page 19.
Hexadecimal  [32-Bits]

Area                                    Addr        Size        Decimal Bytes (Attributes)
--------------------------------        ----        ----        ------- ----- ------------
_CODE                               00000200    0000165F =        5727. bytes (REL,CON)

      Value  Global                              Global Defined In Module
      -----  --------------------------------   ------------------------
     000008C4  A$aes192_z80_sdcc_O3_binaries/ae   aes192
     000008C6  A$aes192_z80_sdcc_O3_binaries/ae   aes192
     000008C8  A$aes192_z80_sdcc_O3_binaries/ae   aes192
     000008CA  A$aes192_z80_sdcc_O3_binaries/ae   aes192
     000008CB  A$aes192_z80_sdcc_O3_binaries/ae   aes192
     000008CE  A$aes192_z80_sdcc_O3_binaries/ae   aes192
     000008CF  A$aes192_z80_sdcc_O3_binaries/ae   aes192
     000008D0  A$aes192_z80_sdcc_O3_binaries/ae   aes192
     000008D3  A$aes192_z80_sdcc_O3_binaries/ae   aes192
     000008D4  A$aes192_z80_sdcc_O3_binaries/ae   aes192
     000008D7  A$aes192_z80_sdcc_O3_binaries/ae   aes192
     000008DA  A$aes192_z80_sdcc_O3_binaries/ae   aes192
     000008DB  A$aes192_z80_sdcc_O3_binaries/ae   aes192
     000008DC  A$aes192_z80_sdcc_O3_binaries/ae   aes192
     000008DD  A$aes192_z80_sdcc_O3_binaries/ae   aes192
     000008E0  A$aes192_z80_sdcc_O3_binaries/ae   aes192
     000008E1  A$aes192_z80_sdcc_O3_binaries/ae   aes192
     000008E2  A$aes192_z80_sdcc_O3_binaries/ae   aes192
     000008E3  A$aes192_z80_sdcc_O3_binaries/ae   aes192
     000008E3  C$aes192.c$103$2_0$58              aes192
     000008E6  A$aes192_z80_sdcc_O3_binaries/ae   aes192
     000008E8  A$aes192_z80_sdcc_O3_binaries/ae   aes192
     000008EB  A$aes192_z80_sdcc_O3_binaries/ae   aes192
     000008ED  A$aes192_z80_sdcc_O3_binaries/ae   aes192
     000008ED  C$aes192.c$110$1_0$57              aes192
     000008EE  A$aes192_z80_sdcc_O3_binaries/ae   aes192
     000008EF  A$aes192_z80_sdcc_O3_binaries/ae   aes192
     000008F0  A$aes192_z80_sdcc_O3_binaries/ae   aes192
     000008F1  A$aes192_z80_sdcc_O3_binaries/ae   aes192
     000008F4  A$aes192_z80_sdcc_O3_binaries/ae   aes192
     000008F5  A$aes192_z80_sdcc_O3_binaries/ae   aes192
     000008F6  A$aes192_z80_sdcc_O3_binaries/ae   aes192
     000008F6  C$aes192.c$111$1_0$57              aes192
     000008F7  A$aes192_z80_sdcc_O3_binaries/ae   aes192
     000008F8  A$aes192_z80_sdcc_O3_binaries/ae   aes192
     000008F9  A$aes192_z80_sdcc_O3_binaries/ae   aes192
     000008FA  A$aes192_z80_sdcc_O3_binaries/ae   aes192
     000008FD  A$aes192_z80_sdcc_O3_binaries/ae   aes192
     000008FE  A$aes192_z80_sdcc_O3_binaries/ae   aes192
     000008FF  A$aes192_z80_sdcc_O3_binaries/ae   aes192
     000008FF  C$aes192.c$112$1_0$57              aes192
     00000902  A$aes192_z80_sdcc_O3_binaries/ae   aes192
     00000904  A$aes192_z80_sdcc_O3_binaries/ae   aes192
     00000905  A$aes192_z80_sdcc_O3_binaries/ae   aes192
     00000908  A$aes192_z80_sdcc_O3_binaries/ae   aes192
     0000090A  A$aes192_z80_sdcc_O3_binaries/ae   aes192
     0000090B  A$aes192_z80_sdcc_O3_binaries/ae   aes192
     0000090C  A$aes192_z80_sdcc_O3_binaries/ae   aes192
     0000090D  A$aes192_z80_sdcc_O3_binaries/ae   aes192
     0000090E  A$aes192_z80_sdcc_O3_binaries/ae   aes192
     0000090F  A$aes192_z80_sdcc_O3_binaries/ae   aes192
ASxxxx Linker V03.00 + NoICE + sdld,  page 20.
Hexadecimal  [32-Bits]

Area                                    Addr        Size        Decimal Bytes (Attributes)
--------------------------------        ----        ----        ------- ----- ------------
_CODE                               00000200    0000165F =        5727. bytes (REL,CON)

      Value  Global                              Global Defined In Module
      -----  --------------------------------   ------------------------
     00000910  A$aes192_z80_sdcc_O3_binaries/ae   aes192
     00000913  A$aes192_z80_sdcc_O3_binaries/ae   aes192
     00000914  A$aes192_z80_sdcc_O3_binaries/ae   aes192
     00000915  A$aes192_z80_sdcc_O3_binaries/ae   aes192
     00000916  A$aes192_z80_sdcc_O3_binaries/ae   aes192
     00000916  C$aes192.c$114$1_0$57              aes192
     00000919  A$aes192_z80_sdcc_O3_binaries/ae   aes192
     0000091C  A$aes192_z80_sdcc_O3_binaries/ae   aes192
     0000091D  A$aes192_z80_sdcc_O3_binaries/ae   aes192
     0000091E  A$aes192_z80_sdcc_O3_binaries/ae   aes192
     00000921  A$aes192_z80_sdcc_O3_binaries/ae   aes192
     00000923  A$aes192_z80_sdcc_O3_binaries/ae   aes192
     00000925  A$aes192_z80_sdcc_O3_binaries/ae   aes192
     00000927  A$aes192_z80_sdcc_O3_binaries/ae   aes192
     00000927  C$aes192.c$115$1_0$57              aes192
     00000927  XG$AES192_Encrypt$0$0              aes192
     00000928  A$aes192_z80_sdcc_O3_binaries/ae   aes192
     00000928  C$aes192.c$117$1_0$60              aes192
     00000928  G$main$0$0                         aes192
     00000928  _main                              aes192
     0000092A  A$aes192_z80_sdcc_O3_binaries/ae   aes192
     0000092E  A$aes192_z80_sdcc_O3_binaries/ae   aes192
     00000930  A$aes192_z80_sdcc_O3_binaries/ae   aes192
     00000933  A$aes192_z80_sdcc_O3_binaries/ae   aes192
     00000934  A$aes192_z80_sdcc_O3_binaries/ae   aes192
     00000935  A$aes192_z80_sdcc_O3_binaries/ae   aes192
     00000935  C$aes192.c$118$2_0$60              aes192
     00000938  A$aes192_z80_sdcc_O3_binaries/ae   aes192
     00000939  A$aes192_z80_sdcc_O3_binaries/ae   aes192
     0000093A  A$aes192_z80_sdcc_O3_binaries/ae   aes192
     0000093C  A$aes192_z80_sdcc_O3_binaries/ae   aes192
     0000093D  A$aes192_z80_sdcc_O3_binaries/ae   aes192
     0000093E  A$aes192_z80_sdcc_O3_binaries/ae   aes192
     0000093F  A$aes192_z80_sdcc_O3_binaries/ae   aes192
     00000940  A$aes192_z80_sdcc_O3_binaries/ae   aes192
     00000942  A$aes192_z80_sdcc_O3_binaries/ae   aes192
     00000943  A$aes192_z80_sdcc_O3_binaries/ae   aes192
     00000944  A$aes192_z80_sdcc_O3_binaries/ae   aes192
     00000945  A$aes192_z80_sdcc_O3_binaries/ae   aes192
     00000946  A$aes192_z80_sdcc_O3_binaries/ae   aes192
     00000948  A$aes192_z80_sdcc_O3_binaries/ae   aes192
     00000949  A$aes192_z80_sdcc_O3_binaries/ae   aes192
     0000094A  A$aes192_z80_sdcc_O3_binaries/ae   aes192
     0000094B  A$aes192_z80_sdcc_O3_binaries/ae   aes192
     0000094C  A$aes192_z80_sdcc_O3_binaries/ae   aes192
     0000094D  A$aes192_z80_sdcc_O3_binaries/ae   aes192
     0000094F  A$aes192_z80_sdcc_O3_binaries/ae   aes192
     00000952  A$aes192_z80_sdcc_O3_binaries/ae   aes192
     00000953  A$aes192_z80_sdcc_O3_binaries/ae   aes192
     00000955  A$aes192_z80_sdcc_O3_binaries/ae   aes192
     00000958  A$aes192_z80_sdcc_O3_binaries/ae   aes192
ASxxxx Linker V03.00 + NoICE + sdld,  page 21.
Hexadecimal  [32-Bits]

Area                                    Addr        Size        Decimal Bytes (Attributes)
--------------------------------        ----        ----        ------- ----- ------------
_CODE                               00000200    0000165F =        5727. bytes (REL,CON)

      Value  Global                              Global Defined In Module
      -----  --------------------------------   ------------------------
     00000959  A$aes192_z80_sdcc_O3_binaries/ae   aes192
     0000095B  A$aes192_z80_sdcc_O3_binaries/ae   aes192
     0000095E  A$aes192_z80_sdcc_O3_binaries/ae   aes192
     0000095F  A$aes192_z80_sdcc_O3_binaries/ae   aes192
     00000961  A$aes192_z80_sdcc_O3_binaries/ae   aes192
     00000964  A$aes192_z80_sdcc_O3_binaries/ae   aes192
     00000965  A$aes192_z80_sdcc_O3_binaries/ae   aes192
     00000967  A$aes192_z80_sdcc_O3_binaries/ae   aes192
     0000096A  A$aes192_z80_sdcc_O3_binaries/ae   aes192
     0000096B  A$aes192_z80_sdcc_O3_binaries/ae   aes192
     0000096D  A$aes192_z80_sdcc_O3_binaries/ae   aes192
     00000970  A$aes192_z80_sdcc_O3_binaries/ae   aes192
     00000971  A$aes192_z80_sdcc_O3_binaries/ae   aes192
     00000973  A$aes192_z80_sdcc_O3_binaries/ae   aes192
     00000976  A$aes192_z80_sdcc_O3_binaries/ae   aes192
     00000977  A$aes192_z80_sdcc_O3_binaries/ae   aes192
     00000979  A$aes192_z80_sdcc_O3_binaries/ae   aes192
     0000097C  A$aes192_z80_sdcc_O3_binaries/ae   aes192
     0000097D  A$aes192_z80_sdcc_O3_binaries/ae   aes192
     0000097F  A$aes192_z80_sdcc_O3_binaries/ae   aes192
     00000982  A$aes192_z80_sdcc_O3_binaries/ae   aes192
     00000983  A$aes192_z80_sdcc_O3_binaries/ae   aes192
     00000985  A$aes192_z80_sdcc_O3_binaries/ae   aes192
     00000988  A$aes192_z80_sdcc_O3_binaries/ae   aes192
     00000989  A$aes192_z80_sdcc_O3_binaries/ae   aes192
     0000098B  A$aes192_z80_sdcc_O3_binaries/ae   aes192
     0000098E  A$aes192_z80_sdcc_O3_binaries/ae   aes192
     0000098F  A$aes192_z80_sdcc_O3_binaries/ae   aes192
     00000991  A$aes192_z80_sdcc_O3_binaries/ae   aes192
     00000994  A$aes192_z80_sdcc_O3_binaries/ae   aes192
     00000995  A$aes192_z80_sdcc_O3_binaries/ae   aes192
     00000997  A$aes192_z80_sdcc_O3_binaries/ae   aes192
     0000099A  A$aes192_z80_sdcc_O3_binaries/ae   aes192
     0000099B  A$aes192_z80_sdcc_O3_binaries/ae   aes192
     0000099D  A$aes192_z80_sdcc_O3_binaries/ae   aes192
     000009A0  A$aes192_z80_sdcc_O3_binaries/ae   aes192
     000009A1  A$aes192_z80_sdcc_O3_binaries/ae   aes192
     000009A3  A$aes192_z80_sdcc_O3_binaries/ae   aes192
     000009A6  A$aes192_z80_sdcc_O3_binaries/ae   aes192
     000009A7  A$aes192_z80_sdcc_O3_binaries/ae   aes192
     000009A9  A$aes192_z80_sdcc_O3_binaries/ae   aes192
     000009AC  A$aes192_z80_sdcc_O3_binaries/ae   aes192
     000009AD  A$aes192_z80_sdcc_O3_binaries/ae   aes192
     000009AF  A$aes192_z80_sdcc_O3_binaries/ae   aes192
     000009B2  A$aes192_z80_sdcc_O3_binaries/ae   aes192
     000009B3  A$aes192_z80_sdcc_O3_binaries/ae   aes192
     000009B5  A$aes192_z80_sdcc_O3_binaries/ae   aes192
     000009B8  A$aes192_z80_sdcc_O3_binaries/ae   aes192
     000009B9  A$aes192_z80_sdcc_O3_binaries/ae   aes192
     000009BB  A$aes192_z80_sdcc_O3_binaries/ae   aes192
     000009BE  A$aes192_z80_sdcc_O3_binaries/ae   aes192
ASxxxx Linker V03.00 + NoICE + sdld,  page 22.
Hexadecimal  [32-Bits]

Area                                    Addr        Size        Decimal Bytes (Attributes)
--------------------------------        ----        ----        ------- ----- ------------
_CODE                               00000200    0000165F =        5727. bytes (REL,CON)

      Value  Global                              Global Defined In Module
      -----  --------------------------------   ------------------------
     000009BF  A$aes192_z80_sdcc_O3_binaries/ae   aes192
     000009C1  A$aes192_z80_sdcc_O3_binaries/ae   aes192
     000009C4  A$aes192_z80_sdcc_O3_binaries/ae   aes192
     000009C5  A$aes192_z80_sdcc_O3_binaries/ae   aes192
     000009C7  A$aes192_z80_sdcc_O3_binaries/ae   aes192
     000009C7  C$aes192.c$124$2_0$60              aes192
     000009CA  A$aes192_z80_sdcc_O3_binaries/ae   aes192
     000009CB  A$aes192_z80_sdcc_O3_binaries/ae   aes192
     000009CC  A$aes192_z80_sdcc_O3_binaries/ae   aes192
     000009CD  A$aes192_z80_sdcc_O3_binaries/ae   aes192
     000009CF  A$aes192_z80_sdcc_O3_binaries/ae   aes192
     000009D0  A$aes192_z80_sdcc_O3_binaries/ae   aes192
     000009D1  A$aes192_z80_sdcc_O3_binaries/ae   aes192
     000009D2  A$aes192_z80_sdcc_O3_binaries/ae   aes192
     000009D3  A$aes192_z80_sdcc_O3_binaries/ae   aes192
     000009D5  A$aes192_z80_sdcc_O3_binaries/ae   aes192
     000009D6  A$aes192_z80_sdcc_O3_binaries/ae   aes192
     000009D7  A$aes192_z80_sdcc_O3_binaries/ae   aes192
     000009D8  A$aes192_z80_sdcc_O3_binaries/ae   aes192
     000009D9  A$aes192_z80_sdcc_O3_binaries/ae   aes192
     000009DB  A$aes192_z80_sdcc_O3_binaries/ae   aes192
     000009DC  A$aes192_z80_sdcc_O3_binaries/ae   aes192
     000009DD  A$aes192_z80_sdcc_O3_binaries/ae   aes192
     000009DE  A$aes192_z80_sdcc_O3_binaries/ae   aes192
     000009DF  A$aes192_z80_sdcc_O3_binaries/ae   aes192
     000009E0  A$aes192_z80_sdcc_O3_binaries/ae   aes192
     000009E2  A$aes192_z80_sdcc_O3_binaries/ae   aes192
     000009E5  A$aes192_z80_sdcc_O3_binaries/ae   aes192
     000009E6  A$aes192_z80_sdcc_O3_binaries/ae   aes192
     000009E8  A$aes192_z80_sdcc_O3_binaries/ae   aes192
     000009EB  A$aes192_z80_sdcc_O3_binaries/ae   aes192
     000009EC  A$aes192_z80_sdcc_O3_binaries/ae   aes192
     000009EE  A$aes192_z80_sdcc_O3_binaries/ae   aes192
     000009F1  A$aes192_z80_sdcc_O3_binaries/ae   aes192
     000009F2  A$aes192_z80_sdcc_O3_binaries/ae   aes192
     000009F4  A$aes192_z80_sdcc_O3_binaries/ae   aes192
     000009F7  A$aes192_z80_sdcc_O3_binaries/ae   aes192
     000009F8  A$aes192_z80_sdcc_O3_binaries/ae   aes192
     000009FA  A$aes192_z80_sdcc_O3_binaries/ae   aes192
     000009FD  A$aes192_z80_sdcc_O3_binaries/ae   aes192
     000009FE  A$aes192_z80_sdcc_O3_binaries/ae   aes192
     00000A00  A$aes192_z80_sdcc_O3_binaries/ae   aes192
     00000A03  A$aes192_z80_sdcc_O3_binaries/ae   aes192
     00000A04  A$aes192_z80_sdcc_O3_binaries/ae   aes192
     00000A06  A$aes192_z80_sdcc_O3_binaries/ae   aes192
     00000A09  A$aes192_z80_sdcc_O3_binaries/ae   aes192
     00000A0A  A$aes192_z80_sdcc_O3_binaries/ae   aes192
     00000A0C  A$aes192_z80_sdcc_O3_binaries/ae   aes192
     00000A0F  A$aes192_z80_sdcc_O3_binaries/ae   aes192
     00000A10  A$aes192_z80_sdcc_O3_binaries/ae   aes192
     00000A12  A$aes192_z80_sdcc_O3_binaries/ae   aes192
ASxxxx Linker V03.00 + NoICE + sdld,  page 23.
Hexadecimal  [32-Bits]

Area                                    Addr        Size        Decimal Bytes (Attributes)
--------------------------------        ----        ----        ------- ----- ------------
_CODE                               00000200    0000165F =        5727. bytes (REL,CON)

      Value  Global                              Global Defined In Module
      -----  --------------------------------   ------------------------
     00000A15  A$aes192_z80_sdcc_O3_binaries/ae   aes192
     00000A16  A$aes192_z80_sdcc_O3_binaries/ae   aes192
     00000A18  A$aes192_z80_sdcc_O3_binaries/ae   aes192
     00000A1B  A$aes192_z80_sdcc_O3_binaries/ae   aes192
     00000A1C  A$aes192_z80_sdcc_O3_binaries/ae   aes192
     00000A1E  A$aes192_z80_sdcc_O3_binaries/ae   aes192
     00000A21  A$aes192_z80_sdcc_O3_binaries/ae   aes192
     00000A22  A$aes192_z80_sdcc_O3_binaries/ae   aes192
     00000A24  A$aes192_z80_sdcc_O3_binaries/ae   aes192
     00000A27  A$aes192_z80_sdcc_O3_binaries/ae   aes192
     00000A28  A$aes192_z80_sdcc_O3_binaries/ae   aes192
     00000A2A  A$aes192_z80_sdcc_O3_binaries/ae   aes192
     00000A2A  C$aes192.c$131$1_0$60              aes192
     00000A2D  A$aes192_z80_sdcc_O3_binaries/ae   aes192
     00000A2E  A$aes192_z80_sdcc_O3_binaries/ae   aes192
     00000A31  A$aes192_z80_sdcc_O3_binaries/ae   aes192
     00000A34  A$aes192_z80_sdcc_O3_binaries/ae   aes192
     00000A35  A$aes192_z80_sdcc_O3_binaries/ae   aes192
     00000A36  A$aes192_z80_sdcc_O3_binaries/ae   aes192
     00000A37  A$aes192_z80_sdcc_O3_binaries/ae   aes192
     00000A3A  A$aes192_z80_sdcc_O3_binaries/ae   aes192
     00000A3D  A$aes192_z80_sdcc_O3_binaries/ae   aes192
     00000A3E  A$aes192_z80_sdcc_O3_binaries/ae   aes192
     00000A3F  A$aes192_z80_sdcc_O3_binaries/ae   aes192
     00000A3F  C$aes192.c$133$1_0$60              aes192
     00000A42  A$aes192_z80_sdcc_O3_binaries/ae   aes192
     00000A43  A$aes192_z80_sdcc_O3_binaries/ae   aes192
     00000A46  A$aes192_z80_sdcc_O3_binaries/ae   aes192
     00000A47  A$aes192_z80_sdcc_O3_binaries/ae   aes192
     00000A4A  A$aes192_z80_sdcc_O3_binaries/ae   aes192
     00000A4B  A$aes192_z80_sdcc_O3_binaries/ae   aes192
     00000A4D  A$aes192_z80_sdcc_O3_binaries/ae   aes192
     00000A4E  A$aes192_z80_sdcc_O3_binaries/ae   aes192
     00000A4F  A$aes192_z80_sdcc_O3_binaries/ae   aes192
     00000A50  A$aes192_z80_sdcc_O3_binaries/ae   aes192
     00000A51  A$aes192_z80_sdcc_O3_binaries/ae   aes192
     00000A53  A$aes192_z80_sdcc_O3_binaries/ae   aes192
     00000A55  A$aes192_z80_sdcc_O3_binaries/ae   aes192
     00000A55  C$aes192.c$135$2_0$61              aes192
     00000A58  A$aes192_z80_sdcc_O3_binaries/ae   aes192
     00000A5B  A$aes192_z80_sdcc_O3_binaries/ae   aes192
     00000A5C  A$aes192_z80_sdcc_O3_binaries/ae   aes192
     00000A5D  A$aes192_z80_sdcc_O3_binaries/ae   aes192
     00000A5F  A$aes192_z80_sdcc_O3_binaries/ae   aes192
     00000A60  A$aes192_z80_sdcc_O3_binaries/ae   aes192
     00000A61  A$aes192_z80_sdcc_O3_binaries/ae   aes192
     00000A64  A$aes192_z80_sdcc_O3_binaries/ae   aes192
     00000A65  A$aes192_z80_sdcc_O3_binaries/ae   aes192
     00000A68  A$aes192_z80_sdcc_O3_binaries/ae   aes192
     00000A69  A$aes192_z80_sdcc_O3_binaries/ae   aes192
     00000A6A  A$aes192_z80_sdcc_O3_binaries/ae   aes192
ASxxxx Linker V03.00 + NoICE + sdld,  page 24.
Hexadecimal  [32-Bits]

Area                                    Addr        Size        Decimal Bytes (Attributes)
--------------------------------        ----        ----        ------- ----- ------------
_CODE                               00000200    0000165F =        5727. bytes (REL,CON)

      Value  Global                              Global Defined In Module
      -----  --------------------------------   ------------------------
     00000A6B  A$aes192_z80_sdcc_O3_binaries/ae   aes192
     00000A6B  C$aes192.c$134$2_0$61              aes192
     00000A6C  A$aes192_z80_sdcc_O3_binaries/ae   aes192
     00000A6E  A$aes192_z80_sdcc_O3_binaries/ae   aes192
     00000A6E  C$aes192.c$136$1_0$60              aes192
     00000A71  A$aes192_z80_sdcc_O3_binaries/ae   aes192
     00000A72  A$aes192_z80_sdcc_O3_binaries/ae   aes192
     00000A75  A$aes192_z80_sdcc_O3_binaries/ae   aes192
     00000A76  A$aes192_z80_sdcc_O3_binaries/ae   aes192
     00000A76  C$aes192.c$138$1_0$60              aes192
     00000A79  A$aes192_z80_sdcc_O3_binaries/ae   aes192
     00000A7B  A$aes192_z80_sdcc_O3_binaries/ae   aes192
     00000A7D  A$aes192_z80_sdcc_O3_binaries/ae   aes192
     00000A7D  C$aes192.c$139$1_0$60              aes192
     00000A7D  XG$main$0$0                        aes192
     00000A7E  Faes192$__str_1$0_0$0              aes192
     00000A99  Faes192$__str_2$0_0$0              aes192
     00000A9F  Faes192$__str_4$0_0$0              aes192
     00000AA0  _puts                              puts
     00000AD2  _vprintf                           vprintf
     00000AFA  _printf                            vprintf
     00000B17  __modschar                         
     00000B24  __modsint                          
     00000C56  __print_format                     printf_large
     000017C6  __divsint                          
     000017CF  __divschar                         
     000017D6  __div8                             
     000017DA  __div_signexte                     
     000017DE  __div16                            
     00001804  __get_remainder                    
     0000180E  __divuint                          
     00001816  __divuchar                         
     0000181D  __divu8                            
     00001820  __divu16                           
     0000184F  ___sdcc_call_hl                    
     00001850  _strlen                            

ASxxxx Linker V03.00 + NoICE + sdld,  page 25.
Hexadecimal  [32-Bits]

Area                                    Addr        Size        Decimal Bytes (Attributes)
--------------------------------        ----        ----        ------- ----- ------------
_HEADER0                            00000000    00000003 =           3. bytes (ABS,CON)

      Value  Global                              Global Defined In Module
      -----  --------------------------------   ------------------------
ASxxxx Linker V03.00 + NoICE + sdld,  page 26.
Hexadecimal  [32-Bits]

Area                                    Addr        Size        Decimal Bytes (Attributes)
--------------------------------        ----        ----        ------- ----- ------------
_HEADER1                            00000000    00000004 =           4. bytes (ABS,CON)

      Value  Global                              Global Defined In Module
      -----  --------------------------------   ------------------------
ASxxxx Linker V03.00 + NoICE + sdld,  page 27.
Hexadecimal  [32-Bits]

Area                                    Addr        Size        Decimal Bytes (Attributes)
--------------------------------        ----        ----        ------- ----- ------------
_HEADER2                            00000000    00000003 =           3. bytes (ABS,CON)

      Value  Global                              Global Defined In Module
      -----  --------------------------------   ------------------------
ASxxxx Linker V03.00 + NoICE + sdld,  page 28.
Hexadecimal  [32-Bits]

Area                                    Addr        Size        Decimal Bytes (Attributes)
--------------------------------        ----        ----        ------- ----- ------------
_HEADER3                            00000000    00000003 =           3. bytes (ABS,CON)

      Value  Global                              Global Defined In Module
      -----  --------------------------------   ------------------------
ASxxxx Linker V03.00 + NoICE + sdld,  page 29.
Hexadecimal  [32-Bits]

Area                                    Addr        Size        Decimal Bytes (Attributes)
--------------------------------        ----        ----        ------- ----- ------------
_HEADER4                            00000000    00000003 =           3. bytes (ABS,CON)

      Value  Global                              Global Defined In Module
      -----  --------------------------------   ------------------------
ASxxxx Linker V03.00 + NoICE + sdld,  page 30.
Hexadecimal  [32-Bits]

Area                                    Addr        Size        Decimal Bytes (Attributes)
--------------------------------        ----        ----        ------- ----- ------------
_HEADER5                            00000000    00000003 =           3. bytes (ABS,CON)

      Value  Global                              Global Defined In Module
      -----  --------------------------------   ------------------------
ASxxxx Linker V03.00 + NoICE + sdld,  page 31.
Hexadecimal  [32-Bits]

Area                                    Addr        Size        Decimal Bytes (Attributes)
--------------------------------        ----        ----        ------- ----- ------------
_HEADER6                            00000000    00000003 =           3. bytes (ABS,CON)

      Value  Global                              Global Defined In Module
      -----  --------------------------------   ------------------------
ASxxxx Linker V03.00 + NoICE + sdld,  page 32.
Hexadecimal  [32-Bits]

Area                                    Addr        Size        Decimal Bytes (Attributes)
--------------------------------        ----        ----        ------- ----- ------------
_HEADER7                            00000000    00000003 =           3. bytes (ABS,CON)

      Value  Global                              Global Defined In Module
      -----  --------------------------------   ------------------------
ASxxxx Linker V03.00 + NoICE + sdld,  page 33.
Hexadecimal  [32-Bits]

Area                                    Addr        Size        Decimal Bytes (Attributes)
--------------------------------        ----        ----        ------- ----- ------------
_HEADER8                            00000000    0000000C =          12. bytes (ABS,CON)

      Value  Global                              Global Defined In Module
      -----  --------------------------------   ------------------------
ASxxxx Linker V03.00 + NoICE + sdld,  page 34.
Hexadecimal  [32-Bits]

Area                                    Addr        Size        Decimal Bytes (Attributes)
--------------------------------        ----        ----        ------- ----- ------------
_GSINIT                             0000185F    0000000F =          15. bytes (REL,CON)

      Value  Global                              Global Defined In Module
      -----  --------------------------------   ------------------------
     0000185F  gsinit                             crt0

ASxxxx Linker V03.00 + NoICE + sdld,  page 35.
Hexadecimal  [32-Bits]

Area                                    Addr        Size        Decimal Bytes (Attributes)
--------------------------------        ----        ----        ------- ----- ------------
_GSFINAL                            0000186E    00000001 =           1. bytes (REL,CON)

      Value  Global                              Global Defined In Module
      -----  --------------------------------   ------------------------
ASxxxx Linker V03.00 + NoICE + sdld,  page 36.

Files Linked                              [ module(s) ]

/usr/bin/../share/sdcc/lib/z80/crt0.rel   [ crt0 ]
/work/test_dataset_binaries/aes192_z80_sdcc_O3.rel
                                          [ aes192 ]


Libraries Linked                          [ object file ]

/usr/bin/../share/sdcc/lib/z80/z80.lib    [ puts.rel ]
/usr/bin/../share/sdcc/lib/z80/z80.lib    [ vprintf.rel ]
/usr/bin/../share/sdcc/lib/z80/z80.lib    [ modsigned.rel ]
/usr/bin/../share/sdcc/lib/z80/z80.lib    [ printf_large.rel ]
/usr/bin/../share/sdcc/lib/z80/z80.lib    [ divsigned.rel ]
/usr/bin/../share/sdcc/lib/z80/z80.lib    [ divunsigned.rel ]
/usr/bin/../share/sdcc/lib/z80/z80.lib    [ __sdcc_call_hl.rel ]
/usr/bin/../share/sdcc/lib/z80/z80.lib    [ strlen.rel ]

ASxxxx Linker V03.00 + NoICE + sdld,  page 37.

User Base Address Definitions

_CODE = 0x0200
_DATA = 0x8000


?ASlink-Warning-Undefined Global '_putchar' referenced by module 'puts'

?ASlink-Warning-Undefined Global '_putchar' referenced by module 'vprintf'
