ASxxxx Linker V03.00 + NoICE + sdld,  page 1.
Hexadecimal  [32-Bits]

Area                                    Addr        Size        Decimal Bytes (Attributes)
--------------------------------        ----        ----        ------- ----- ------------
.  .ABS.                            00000000    00000000 =           0. bytes (ABS,CON)

      Value  Global                              Global Defined In Module
      -----  --------------------------------   ------------------------
     00000000  .__.ABS.                           
     00000000  _putchar                        
     00000000  l__BSEG                         
     00000000  l__BSS                          
     00000000  l__CABS                         
     00000000  l__DABS                         
     00000000  l__DATA                         
     00000000  l__HEADER                       
     00000000  l__HEAP                         
     00000000  l__HOME                         
     00000000  l__INITIALIZED                  
     00000000  l__INITIALIZER                  
     00000000  s__CABS                         
     00000000  s__DABS                         
     00000000  s__HEADER                       
     00000000  s__HEADER0                      
     00000000  s__HEADER1                      
     00000000  s__HEADER2                      
     00000000  s__HEADER3                      
     00000000  s__HEADER4                      
     00000000  s__HEADER5                      
     00000000  s__HEADER6                      
     00000000  s__HEADER7                      
     00000000  s__HEADER8                      
     00000001  l__GSFINAL                      
     00000003  l__HEADER0                      
     00000003  l__HEADER2                      
     00000003  l__HEADER3                      
     00000003  l__HEADER4                      
     00000003  l__HEADER5                      
     00000003  l__HEADER6                      
     00000003  l__HEADER7                      
     00000004  l__HEADER1                      
     0000000C  l__HEADER8                      
     0000000F  l__GSINIT                       
     00000200  s__CODE                         
     000014F8  l__CODE                         
     000016F8  s__GSINIT                       
     000016F8  s__HOME                         
     000016F8  s__INITIALIZER                  
     00001707  s__GSFINAL                      
     00008000  s__BSEG                         
     00008000  s__BSS                          
     00008000  s__DATA                         
     00008000  s__HEAP                         
     00008000  s__INITIALIZED                  

ASxxxx Linker V03.00 + NoICE + sdld,  page 2.
Hexadecimal  [32-Bits]

Area                                    Addr        Size        Decimal Bytes (Attributes)
--------------------------------        ----        ----        ------- ----- ------------
_CODE                               00000200    000014F8 =        5368. bytes (REL,CON)

      Value  Global                              Global Defined In Module
      -----  --------------------------------   ------------------------
     00000200  __clock                            crt0
     00000204  _exit                              crt0
     0000020A  A$test_dataset_binariesaes128_z8   aes128
     0000020A  C$aes128.c$32$0_0$35               aes128
     0000020A  Faes128$xt$0$0                     aes128
     0000020D  A$test_dataset_binariesaes128_z8   aes128
     0000020D  C$aes128.c$33$1_0$35               aes128
     00000210  A$test_dataset_binariesaes128_z8   aes128
     00000211  A$test_dataset_binariesaes128_z8   aes128
     00000212  A$test_dataset_binariesaes128_z8   aes128
     00000215  A$test_dataset_binariesaes128_z8   aes128
     00000216  A$test_dataset_binariesaes128_z8   aes128
     00000218  A$test_dataset_binariesaes128_z8   aes128
     0000021B  A$test_dataset_binariesaes128_z8   aes128
     0000021D  A$test_dataset_binariesaes128_z8   aes128
     00000220  A$test_dataset_binariesaes128_z8   aes128
     00000221  A$test_dataset_binariesaes128_z8   aes128
     00000222  A$test_dataset_binariesaes128_z8   aes128
     00000223  A$test_dataset_binariesaes128_z8   aes128
     00000224  A$test_dataset_binariesaes128_z8   aes128
     00000225  A$test_dataset_binariesaes128_z8   aes128
     00000226  A$test_dataset_binariesaes128_z8   aes128
     00000227  A$test_dataset_binariesaes128_z8   aes128
     00000228  A$test_dataset_binariesaes128_z8   aes128
     00000229  A$test_dataset_binariesaes128_z8   aes128
     0000022B  A$test_dataset_binariesaes128_z8   aes128
     0000022B  C$aes128.c$34$1_0$35               aes128
     0000022B  XFaes128$xt$0$0                    aes128
     0000022C  Faes128$SBOX$0_0$0                 aes128
     0000032C  Faes128$RCON$0_0$0                 aes128
     00000337  A$test_dataset_binariesaes128_z8   aes128
     00000337  C$aes128.c$36$1_0$38               aes128
     00000337  Faes128$SubBytes$0$0               aes128
     0000033A  A$test_dataset_binariesaes128_z8   aes128
     0000033D  A$test_dataset_binariesaes128_z8   aes128
     0000033E  A$test_dataset_binariesaes128_z8   aes128
     00000340  A$test_dataset_binariesaes128_z8   aes128
     00000341  A$test_dataset_binariesaes128_z8   aes128
     00000342  A$test_dataset_binariesaes128_z8   aes128
     00000343  A$test_dataset_binariesaes128_z8   aes128
     00000344  A$test_dataset_binariesaes128_z8   aes128
     00000346  A$test_dataset_binariesaes128_z8   aes128
     00000348  A$test_dataset_binariesaes128_z8   aes128
     00000348  C$aes128.c$38$2_0$38               aes128
     0000034B  A$test_dataset_binariesaes128_z8   aes128
     0000034C  A$test_dataset_binariesaes128_z8   aes128
     0000034D  A$test_dataset_binariesaes128_z8   aes128
     00000350  A$test_dataset_binariesaes128_z8   aes128
     00000351  A$test_dataset_binariesaes128_z8   aes128
     00000352  A$test_dataset_binariesaes128_z8   aes128
ASxxxx Linker V03.00 + NoICE + sdld,  page 3.
Hexadecimal  [32-Bits]

Area                                    Addr        Size        Decimal Bytes (Attributes)
--------------------------------        ----        ----        ------- ----- ------------
_CODE                               00000200    000014F8 =        5368. bytes (REL,CON)

      Value  Global                              Global Defined In Module
      -----  --------------------------------   ------------------------
     00000353  A$test_dataset_binariesaes128_z8   aes128
     00000355  A$test_dataset_binariesaes128_z8   aes128
     00000356  A$test_dataset_binariesaes128_z8   aes128
     00000358  A$test_dataset_binariesaes128_z8   aes128
     0000035A  A$test_dataset_binariesaes128_z8   aes128
     0000035B  A$test_dataset_binariesaes128_z8   aes128
     0000035C  A$test_dataset_binariesaes128_z8   aes128
     0000035D  A$test_dataset_binariesaes128_z8   aes128
     0000035D  C$aes128.c$37$2_0$38               aes128
     0000035E  A$test_dataset_binariesaes128_z8   aes128
     00000360  A$test_dataset_binariesaes128_z8   aes128
     00000362  A$test_dataset_binariesaes128_z8   aes128
     00000362  C$aes128.c$39$2_0$38               aes128
     00000362  XFaes128$SubBytes$0$0              aes128
     00000363  A$test_dataset_binariesaes128_z8   aes128
     00000363  C$aes128.c$41$2_0$40               aes128
     00000363  Faes128$ShiftRows$0$0              aes128
     00000366  A$test_dataset_binariesaes128_z8   aes128
     00000369  A$test_dataset_binariesaes128_z8   aes128
     0000036A  A$test_dataset_binariesaes128_z8   aes128
     0000036B  A$test_dataset_binariesaes128_z8   aes128
     0000036B  C$aes128.c$43$1_0$40               aes128
     0000036E  A$test_dataset_binariesaes128_z8   aes128
     0000036F  A$test_dataset_binariesaes128_z8   aes128
     00000370  A$test_dataset_binariesaes128_z8   aes128
     00000371  A$test_dataset_binariesaes128_z8   aes128
     00000372  A$test_dataset_binariesaes128_z8   aes128
     00000373  A$test_dataset_binariesaes128_z8   aes128
     00000376  A$test_dataset_binariesaes128_z8   aes128
     00000379  A$test_dataset_binariesaes128_z8   aes128
     0000037A  A$test_dataset_binariesaes128_z8   aes128
     0000037D  A$test_dataset_binariesaes128_z8   aes128
     0000037F  A$test_dataset_binariesaes128_z8   aes128
     00000380  A$test_dataset_binariesaes128_z8   aes128
     00000380  C$aes128.c$45$1_0$40               aes128
     00000383  A$test_dataset_binariesaes128_z8   aes128
     00000386  A$test_dataset_binariesaes128_z8   aes128
     00000387  A$test_dataset_binariesaes128_z8   aes128
     00000388  A$test_dataset_binariesaes128_z8   aes128
     00000389  A$test_dataset_binariesaes128_z8   aes128
     0000038A  A$test_dataset_binariesaes128_z8   aes128
     0000038B  A$test_dataset_binariesaes128_z8   aes128
     0000038C  A$test_dataset_binariesaes128_z8   aes128
     0000038D  A$test_dataset_binariesaes128_z8   aes128
     0000038E  A$test_dataset_binariesaes128_z8   aes128
     0000038F  A$test_dataset_binariesaes128_z8   aes128
     00000390  A$test_dataset_binariesaes128_z8   aes128
     00000393  A$test_dataset_binariesaes128_z8   aes128
     00000395  A$test_dataset_binariesaes128_z8   aes128
     00000396  A$test_dataset_binariesaes128_z8   aes128
     00000399  A$test_dataset_binariesaes128_z8   aes128
ASxxxx Linker V03.00 + NoICE + sdld,  page 4.
Hexadecimal  [32-Bits]

Area                                    Addr        Size        Decimal Bytes (Attributes)
--------------------------------        ----        ----        ------- ----- ------------
_CODE                               00000200    000014F8 =        5368. bytes (REL,CON)

      Value  Global                              Global Defined In Module
      -----  --------------------------------   ------------------------
     0000039B  A$test_dataset_binariesaes128_z8   aes128
     0000039C  A$test_dataset_binariesaes128_z8   aes128
     0000039D  A$test_dataset_binariesaes128_z8   aes128
     0000039E  A$test_dataset_binariesaes128_z8   aes128
     0000039F  A$test_dataset_binariesaes128_z8   aes128
     000003A2  A$test_dataset_binariesaes128_z8   aes128
     000003A3  A$test_dataset_binariesaes128_z8   aes128
     000003A4  A$test_dataset_binariesaes128_z8   aes128
     000003A5  A$test_dataset_binariesaes128_z8   aes128
     000003A6  A$test_dataset_binariesaes128_z8   aes128
     000003A9  A$test_dataset_binariesaes128_z8   aes128
     000003AB  A$test_dataset_binariesaes128_z8   aes128
     000003AC  A$test_dataset_binariesaes128_z8   aes128
     000003AF  A$test_dataset_binariesaes128_z8   aes128
     000003B1  A$test_dataset_binariesaes128_z8   aes128
     000003B2  A$test_dataset_binariesaes128_z8   aes128
     000003B3  A$test_dataset_binariesaes128_z8   aes128
     000003B4  A$test_dataset_binariesaes128_z8   aes128
     000003B5  A$test_dataset_binariesaes128_z8   aes128
     000003B8  A$test_dataset_binariesaes128_z8   aes128
     000003B9  A$test_dataset_binariesaes128_z8   aes128
     000003BA  A$test_dataset_binariesaes128_z8   aes128
     000003BB  A$test_dataset_binariesaes128_z8   aes128
     000003BC  A$test_dataset_binariesaes128_z8   aes128
     000003BF  A$test_dataset_binariesaes128_z8   aes128
     000003C1  A$test_dataset_binariesaes128_z8   aes128
     000003C2  A$test_dataset_binariesaes128_z8   aes128
     000003C5  A$test_dataset_binariesaes128_z8   aes128
     000003C7  A$test_dataset_binariesaes128_z8   aes128
     000003C8  A$test_dataset_binariesaes128_z8   aes128
     000003C9  A$test_dataset_binariesaes128_z8   aes128
     000003CA  A$test_dataset_binariesaes128_z8   aes128
     000003CB  A$test_dataset_binariesaes128_z8   aes128
     000003CC  A$test_dataset_binariesaes128_z8   aes128
     000003CD  A$test_dataset_binariesaes128_z8   aes128
     000003CD  C$aes128.c$46$1_0$40               aes128
     000003D0  A$test_dataset_binariesaes128_z8   aes128
     000003D3  A$test_dataset_binariesaes128_z8   aes128
     000003D4  A$test_dataset_binariesaes128_z8   aes128
     000003D5  A$test_dataset_binariesaes128_z8   aes128
     000003D6  A$test_dataset_binariesaes128_z8   aes128
     000003D7  A$test_dataset_binariesaes128_z8   aes128
     000003D8  A$test_dataset_binariesaes128_z8   aes128
     000003DB  A$test_dataset_binariesaes128_z8   aes128
     000003DC  A$test_dataset_binariesaes128_z8   aes128
     000003DD  A$test_dataset_binariesaes128_z8   aes128
     000003DE  A$test_dataset_binariesaes128_z8   aes128
     000003DF  A$test_dataset_binariesaes128_z8   aes128
     000003E2  A$test_dataset_binariesaes128_z8   aes128
     000003E4  A$test_dataset_binariesaes128_z8   aes128
     000003E5  A$test_dataset_binariesaes128_z8   aes128
ASxxxx Linker V03.00 + NoICE + sdld,  page 5.
Hexadecimal  [32-Bits]

Area                                    Addr        Size        Decimal Bytes (Attributes)
--------------------------------        ----        ----        ------- ----- ------------
_CODE                               00000200    000014F8 =        5368. bytes (REL,CON)

      Value  Global                              Global Defined In Module
      -----  --------------------------------   ------------------------
     000003E8  A$test_dataset_binariesaes128_z8   aes128
     000003EA  A$test_dataset_binariesaes128_z8   aes128
     000003EB  A$test_dataset_binariesaes128_z8   aes128
     000003EC  A$test_dataset_binariesaes128_z8   aes128
     000003ED  A$test_dataset_binariesaes128_z8   aes128
     000003EE  A$test_dataset_binariesaes128_z8   aes128
     000003EF  A$test_dataset_binariesaes128_z8   aes128
     000003F0  A$test_dataset_binariesaes128_z8   aes128
     000003F1  A$test_dataset_binariesaes128_z8   aes128
     000003F4  A$test_dataset_binariesaes128_z8   aes128
     000003F6  A$test_dataset_binariesaes128_z8   aes128
     000003F7  A$test_dataset_binariesaes128_z8   aes128
     000003FA  A$test_dataset_binariesaes128_z8   aes128
     000003FC  A$test_dataset_binariesaes128_z8   aes128
     000003FD  A$test_dataset_binariesaes128_z8   aes128
     000003FE  A$test_dataset_binariesaes128_z8   aes128
     000003FF  A$test_dataset_binariesaes128_z8   aes128
     00000400  A$test_dataset_binariesaes128_z8   aes128
     00000403  A$test_dataset_binariesaes128_z8   aes128
     00000404  A$test_dataset_binariesaes128_z8   aes128
     00000405  A$test_dataset_binariesaes128_z8   aes128
     00000406  A$test_dataset_binariesaes128_z8   aes128
     00000407  A$test_dataset_binariesaes128_z8   aes128
     0000040A  A$test_dataset_binariesaes128_z8   aes128
     0000040C  A$test_dataset_binariesaes128_z8   aes128
     0000040D  A$test_dataset_binariesaes128_z8   aes128
     00000410  A$test_dataset_binariesaes128_z8   aes128
     00000412  A$test_dataset_binariesaes128_z8   aes128
     00000413  A$test_dataset_binariesaes128_z8   aes128
     00000414  A$test_dataset_binariesaes128_z8   aes128
     00000415  A$test_dataset_binariesaes128_z8   aes128
     00000416  A$test_dataset_binariesaes128_z8   aes128
     00000419  A$test_dataset_binariesaes128_z8   aes128
     0000041A  A$test_dataset_binariesaes128_z8   aes128
     0000041B  A$test_dataset_binariesaes128_z8   aes128
     0000041C  A$test_dataset_binariesaes128_z8   aes128
     0000041D  A$test_dataset_binariesaes128_z8   aes128
     0000041D  C$aes128.c$47$1_0$40               aes128
     00000420  A$test_dataset_binariesaes128_z8   aes128
     00000423  A$test_dataset_binariesaes128_z8   aes128
     00000424  A$test_dataset_binariesaes128_z8   aes128
     00000425  A$test_dataset_binariesaes128_z8   aes128
     00000426  A$test_dataset_binariesaes128_z8   aes128
     00000427  A$test_dataset_binariesaes128_z8   aes128
     00000428  A$test_dataset_binariesaes128_z8   aes128
     00000429  A$test_dataset_binariesaes128_z8   aes128
     0000042C  A$test_dataset_binariesaes128_z8   aes128
     0000042D  A$test_dataset_binariesaes128_z8   aes128
     0000042E  A$test_dataset_binariesaes128_z8   aes128
     0000042F  A$test_dataset_binariesaes128_z8   aes128
     00000430  A$test_dataset_binariesaes128_z8   aes128
ASxxxx Linker V03.00 + NoICE + sdld,  page 6.
Hexadecimal  [32-Bits]

Area                                    Addr        Size        Decimal Bytes (Attributes)
--------------------------------        ----        ----        ------- ----- ------------
_CODE                               00000200    000014F8 =        5368. bytes (REL,CON)

      Value  Global                              Global Defined In Module
      -----  --------------------------------   ------------------------
     00000433  A$test_dataset_binariesaes128_z8   aes128
     00000435  A$test_dataset_binariesaes128_z8   aes128
     00000436  A$test_dataset_binariesaes128_z8   aes128
     00000439  A$test_dataset_binariesaes128_z8   aes128
     0000043B  A$test_dataset_binariesaes128_z8   aes128
     0000043C  A$test_dataset_binariesaes128_z8   aes128
     0000043D  A$test_dataset_binariesaes128_z8   aes128
     0000043E  A$test_dataset_binariesaes128_z8   aes128
     0000043F  A$test_dataset_binariesaes128_z8   aes128
     00000440  A$test_dataset_binariesaes128_z8   aes128
     00000441  A$test_dataset_binariesaes128_z8   aes128
     00000442  A$test_dataset_binariesaes128_z8   aes128
     00000443  A$test_dataset_binariesaes128_z8   aes128
     00000446  A$test_dataset_binariesaes128_z8   aes128
     00000448  A$test_dataset_binariesaes128_z8   aes128
     00000449  A$test_dataset_binariesaes128_z8   aes128
     0000044C  A$test_dataset_binariesaes128_z8   aes128
     0000044E  A$test_dataset_binariesaes128_z8   aes128
     0000044F  A$test_dataset_binariesaes128_z8   aes128
     00000450  A$test_dataset_binariesaes128_z8   aes128
     00000451  A$test_dataset_binariesaes128_z8   aes128
     00000452  A$test_dataset_binariesaes128_z8   aes128
     00000455  A$test_dataset_binariesaes128_z8   aes128
     00000456  A$test_dataset_binariesaes128_z8   aes128
     00000457  A$test_dataset_binariesaes128_z8   aes128
     00000458  A$test_dataset_binariesaes128_z8   aes128
     00000459  A$test_dataset_binariesaes128_z8   aes128
     0000045C  A$test_dataset_binariesaes128_z8   aes128
     0000045E  A$test_dataset_binariesaes128_z8   aes128
     0000045F  A$test_dataset_binariesaes128_z8   aes128
     00000462  A$test_dataset_binariesaes128_z8   aes128
     00000464  A$test_dataset_binariesaes128_z8   aes128
     00000465  A$test_dataset_binariesaes128_z8   aes128
     00000466  A$test_dataset_binariesaes128_z8   aes128
     00000467  A$test_dataset_binariesaes128_z8   aes128
     0000046A  A$test_dataset_binariesaes128_z8   aes128
     0000046B  A$test_dataset_binariesaes128_z8   aes128
     0000046C  A$test_dataset_binariesaes128_z8   aes128
     0000046D  A$test_dataset_binariesaes128_z8   aes128
     0000046F  A$test_dataset_binariesaes128_z8   aes128
     00000471  A$test_dataset_binariesaes128_z8   aes128
     00000471  C$aes128.c$48$1_0$40               aes128
     00000471  XFaes128$ShiftRows$0$0             aes128
     00000472  A$test_dataset_binariesaes128_z8   aes128
     00000472  C$aes128.c$50$1_0$43               aes128
     00000472  Faes128$MixColumns$0$0             aes128
     00000475  A$test_dataset_binariesaes128_z8   aes128
     00000478  A$test_dataset_binariesaes128_z8   aes128
     00000479  A$test_dataset_binariesaes128_z8   aes128
     0000047A  A$test_dataset_binariesaes128_z8   aes128
     0000047D  A$test_dataset_binariesaes128_z8   aes128
ASxxxx Linker V03.00 + NoICE + sdld,  page 7.
Hexadecimal  [32-Bits]

Area                                    Addr        Size        Decimal Bytes (Attributes)
--------------------------------        ----        ----        ------- ----- ------------
_CODE                               00000200    000014F8 =        5368. bytes (REL,CON)

      Value  Global                              Global Defined In Module
      -----  --------------------------------   ------------------------
     0000047E  A$test_dataset_binariesaes128_z8   aes128
     00000480  A$test_dataset_binariesaes128_z8   aes128
     00000481  A$test_dataset_binariesaes128_z8   aes128
     00000482  A$test_dataset_binariesaes128_z8   aes128
     00000483  A$test_dataset_binariesaes128_z8   aes128
     00000484  A$test_dataset_binariesaes128_z8   aes128
     00000486  A$test_dataset_binariesaes128_z8   aes128
     00000489  A$test_dataset_binariesaes128_z8   aes128
     00000489  C$aes128.c$52$3_0$44               aes128
     0000048A  A$test_dataset_binariesaes128_z8   aes128
     0000048B  A$test_dataset_binariesaes128_z8   aes128
     0000048D  A$test_dataset_binariesaes128_z8   aes128
     0000048F  A$test_dataset_binariesaes128_z8   aes128
     00000491  A$test_dataset_binariesaes128_z8   aes128
     00000493  A$test_dataset_binariesaes128_z8   aes128
     00000493  C$aes128.c$53$3_0$44               aes128
     00000496  A$test_dataset_binariesaes128_z8   aes128
     00000497  A$test_dataset_binariesaes128_z8   aes128
     0000049A  A$test_dataset_binariesaes128_z8   aes128
     0000049D  A$test_dataset_binariesaes128_z8   aes128
     0000049E  A$test_dataset_binariesaes128_z8   aes128
     000004A1  A$test_dataset_binariesaes128_z8   aes128
     000004A2  A$test_dataset_binariesaes128_z8   aes128
     000004A3  A$test_dataset_binariesaes128_z8   aes128
     000004A4  A$test_dataset_binariesaes128_z8   aes128
     000004A7  A$test_dataset_binariesaes128_z8   aes128
     000004AA  A$test_dataset_binariesaes128_z8   aes128
     000004AB  A$test_dataset_binariesaes128_z8   aes128
     000004AE  A$test_dataset_binariesaes128_z8   aes128
     000004B1  A$test_dataset_binariesaes128_z8   aes128
     000004B4  A$test_dataset_binariesaes128_z8   aes128
     000004B7  A$test_dataset_binariesaes128_z8   aes128
     000004BA  A$test_dataset_binariesaes128_z8   aes128
     000004BD  A$test_dataset_binariesaes128_z8   aes128
     000004C0  A$test_dataset_binariesaes128_z8   aes128
     000004C3  A$test_dataset_binariesaes128_z8   aes128
     000004C6  A$test_dataset_binariesaes128_z8   aes128
     000004C9  A$test_dataset_binariesaes128_z8   aes128
     000004CA  A$test_dataset_binariesaes128_z8   aes128
     000004CD  A$test_dataset_binariesaes128_z8   aes128
     000004D0  A$test_dataset_binariesaes128_z8   aes128
     000004D1  A$test_dataset_binariesaes128_z8   aes128
     000004D4  A$test_dataset_binariesaes128_z8   aes128
     000004D7  A$test_dataset_binariesaes128_z8   aes128
     000004DA  A$test_dataset_binariesaes128_z8   aes128
     000004DD  A$test_dataset_binariesaes128_z8   aes128
     000004E0  A$test_dataset_binariesaes128_z8   aes128
     000004E3  A$test_dataset_binariesaes128_z8   aes128
     000004E6  A$test_dataset_binariesaes128_z8   aes128
     000004E9  A$test_dataset_binariesaes128_z8   aes128
     000004EC  A$test_dataset_binariesaes128_z8   aes128
ASxxxx Linker V03.00 + NoICE + sdld,  page 8.
Hexadecimal  [32-Bits]

Area                                    Addr        Size        Decimal Bytes (Attributes)
--------------------------------        ----        ----        ------- ----- ------------
_CODE                               00000200    000014F8 =        5368. bytes (REL,CON)

      Value  Global                              Global Defined In Module
      -----  --------------------------------   ------------------------
     000004EF  A$test_dataset_binariesaes128_z8   aes128
     000004F0  A$test_dataset_binariesaes128_z8   aes128
     000004F3  A$test_dataset_binariesaes128_z8   aes128
     000004F4  A$test_dataset_binariesaes128_z8   aes128
     000004F5  A$test_dataset_binariesaes128_z8   aes128
     000004F6  A$test_dataset_binariesaes128_z8   aes128
     000004F7  A$test_dataset_binariesaes128_z8   aes128
     000004FA  A$test_dataset_binariesaes128_z8   aes128
     000004FD  A$test_dataset_binariesaes128_z8   aes128
     000004FE  A$test_dataset_binariesaes128_z8   aes128
     00000501  A$test_dataset_binariesaes128_z8   aes128
     00000504  A$test_dataset_binariesaes128_z8   aes128
     00000507  A$test_dataset_binariesaes128_z8   aes128
     0000050A  A$test_dataset_binariesaes128_z8   aes128
     0000050B  A$test_dataset_binariesaes128_z8   aes128
     0000050B  C$aes128.c$55$3_0$44               aes128
     0000050C  A$test_dataset_binariesaes128_z8   aes128
     0000050D  A$test_dataset_binariesaes128_z8   aes128
     00000510  A$test_dataset_binariesaes128_z8   aes128
     00000511  A$test_dataset_binariesaes128_z8   aes128
     00000512  A$test_dataset_binariesaes128_z8   aes128
     00000515  A$test_dataset_binariesaes128_z8   aes128
     00000516  A$test_dataset_binariesaes128_z8   aes128
     00000517  A$test_dataset_binariesaes128_z8   aes128
     00000518  A$test_dataset_binariesaes128_z8   aes128
     00000519  A$test_dataset_binariesaes128_z8   aes128
     0000051A  A$test_dataset_binariesaes128_z8   aes128
     0000051B  A$test_dataset_binariesaes128_z8   aes128
     0000051E  A$test_dataset_binariesaes128_z8   aes128
     0000051F  A$test_dataset_binariesaes128_z8   aes128
     00000520  A$test_dataset_binariesaes128_z8   aes128
     00000523  A$test_dataset_binariesaes128_z8   aes128
     00000524  A$test_dataset_binariesaes128_z8   aes128
     00000525  A$test_dataset_binariesaes128_z8   aes128
     00000526  A$test_dataset_binariesaes128_z8   aes128
     00000527  A$test_dataset_binariesaes128_z8   aes128
     00000528  A$test_dataset_binariesaes128_z8   aes128
     00000529  A$test_dataset_binariesaes128_z8   aes128
     0000052C  A$test_dataset_binariesaes128_z8   aes128
     0000052F  A$test_dataset_binariesaes128_z8   aes128
     00000530  A$test_dataset_binariesaes128_z8   aes128
     00000531  A$test_dataset_binariesaes128_z8   aes128
     00000532  A$test_dataset_binariesaes128_z8   aes128
     00000533  A$test_dataset_binariesaes128_z8   aes128
     00000533  C$aes128.c$56$3_0$44               aes128
     00000534  A$test_dataset_binariesaes128_z8   aes128
     00000535  A$test_dataset_binariesaes128_z8   aes128
     00000538  A$test_dataset_binariesaes128_z8   aes128
     00000539  A$test_dataset_binariesaes128_z8   aes128
     0000053A  A$test_dataset_binariesaes128_z8   aes128
     0000053D  A$test_dataset_binariesaes128_z8   aes128
ASxxxx Linker V03.00 + NoICE + sdld,  page 9.
Hexadecimal  [32-Bits]

Area                                    Addr        Size        Decimal Bytes (Attributes)
--------------------------------        ----        ----        ------- ----- ------------
_CODE                               00000200    000014F8 =        5368. bytes (REL,CON)

      Value  Global                              Global Defined In Module
      -----  --------------------------------   ------------------------
     0000053E  A$test_dataset_binariesaes128_z8   aes128
     0000053F  A$test_dataset_binariesaes128_z8   aes128
     00000540  A$test_dataset_binariesaes128_z8   aes128
     00000541  A$test_dataset_binariesaes128_z8   aes128
     00000544  A$test_dataset_binariesaes128_z8   aes128
     00000545  A$test_dataset_binariesaes128_z8   aes128
     00000546  A$test_dataset_binariesaes128_z8   aes128
     00000547  A$test_dataset_binariesaes128_z8   aes128
     0000054A  A$test_dataset_binariesaes128_z8   aes128
     0000054B  A$test_dataset_binariesaes128_z8   aes128
     0000054C  A$test_dataset_binariesaes128_z8   aes128
     0000054F  A$test_dataset_binariesaes128_z8   aes128
     00000550  A$test_dataset_binariesaes128_z8   aes128
     00000551  A$test_dataset_binariesaes128_z8   aes128
     00000552  A$test_dataset_binariesaes128_z8   aes128
     00000553  A$test_dataset_binariesaes128_z8   aes128
     00000554  A$test_dataset_binariesaes128_z8   aes128
     00000557  A$test_dataset_binariesaes128_z8   aes128
     00000558  A$test_dataset_binariesaes128_z8   aes128
     0000055B  A$test_dataset_binariesaes128_z8   aes128
     0000055E  A$test_dataset_binariesaes128_z8   aes128
     0000055F  A$test_dataset_binariesaes128_z8   aes128
     0000055F  C$aes128.c$57$3_0$44               aes128
     00000562  A$test_dataset_binariesaes128_z8   aes128
     00000565  A$test_dataset_binariesaes128_z8   aes128
     00000566  A$test_dataset_binariesaes128_z8   aes128
     00000567  A$test_dataset_binariesaes128_z8   aes128
     00000568  A$test_dataset_binariesaes128_z8   aes128
     0000056B  A$test_dataset_binariesaes128_z8   aes128
     0000056C  A$test_dataset_binariesaes128_z8   aes128
     0000056D  A$test_dataset_binariesaes128_z8   aes128
     00000570  A$test_dataset_binariesaes128_z8   aes128
     00000571  A$test_dataset_binariesaes128_z8   aes128
     00000572  A$test_dataset_binariesaes128_z8   aes128
     00000573  A$test_dataset_binariesaes128_z8   aes128
     00000574  A$test_dataset_binariesaes128_z8   aes128
     00000575  A$test_dataset_binariesaes128_z8   aes128
     00000576  A$test_dataset_binariesaes128_z8   aes128
     00000577  A$test_dataset_binariesaes128_z8   aes128
     00000578  A$test_dataset_binariesaes128_z8   aes128
     00000579  A$test_dataset_binariesaes128_z8   aes128
     0000057A  A$test_dataset_binariesaes128_z8   aes128
     0000057B  A$test_dataset_binariesaes128_z8   aes128
     0000057E  A$test_dataset_binariesaes128_z8   aes128
     0000057F  A$test_dataset_binariesaes128_z8   aes128
     00000580  A$test_dataset_binariesaes128_z8   aes128
     00000581  A$test_dataset_binariesaes128_z8   aes128
     00000582  A$test_dataset_binariesaes128_z8   aes128
     00000583  A$test_dataset_binariesaes128_z8   aes128
     00000584  A$test_dataset_binariesaes128_z8   aes128
     00000587  A$test_dataset_binariesaes128_z8   aes128
ASxxxx Linker V03.00 + NoICE + sdld,  page 10.
Hexadecimal  [32-Bits]

Area                                    Addr        Size        Decimal Bytes (Attributes)
--------------------------------        ----        ----        ------- ----- ------------
_CODE                               00000200    000014F8 =        5368. bytes (REL,CON)

      Value  Global                              Global Defined In Module
      -----  --------------------------------   ------------------------
     0000058A  A$test_dataset_binariesaes128_z8   aes128
     0000058B  A$test_dataset_binariesaes128_z8   aes128
     0000058B  C$aes128.c$58$3_0$44               aes128
     0000058C  A$test_dataset_binariesaes128_z8   aes128
     0000058D  A$test_dataset_binariesaes128_z8   aes128
     00000590  A$test_dataset_binariesaes128_z8   aes128
     00000591  A$test_dataset_binariesaes128_z8   aes128
     00000592  A$test_dataset_binariesaes128_z8   aes128
     00000595  A$test_dataset_binariesaes128_z8   aes128
     00000596  A$test_dataset_binariesaes128_z8   aes128
     00000597  A$test_dataset_binariesaes128_z8   aes128
     00000598  A$test_dataset_binariesaes128_z8   aes128
     00000599  A$test_dataset_binariesaes128_z8   aes128
     0000059C  A$test_dataset_binariesaes128_z8   aes128
     0000059F  A$test_dataset_binariesaes128_z8   aes128
     000005A2  A$test_dataset_binariesaes128_z8   aes128
     000005A3  A$test_dataset_binariesaes128_z8   aes128
     000005A4  A$test_dataset_binariesaes128_z8   aes128
     000005A5  A$test_dataset_binariesaes128_z8   aes128
     000005A6  A$test_dataset_binariesaes128_z8   aes128
     000005A7  A$test_dataset_binariesaes128_z8   aes128
     000005A8  A$test_dataset_binariesaes128_z8   aes128
     000005AB  A$test_dataset_binariesaes128_z8   aes128
     000005AC  A$test_dataset_binariesaes128_z8   aes128
     000005AD  A$test_dataset_binariesaes128_z8   aes128
     000005AE  A$test_dataset_binariesaes128_z8   aes128
     000005AF  A$test_dataset_binariesaes128_z8   aes128
     000005B0  A$test_dataset_binariesaes128_z8   aes128
     000005B3  A$test_dataset_binariesaes128_z8   aes128
     000005B6  A$test_dataset_binariesaes128_z8   aes128
     000005B7  A$test_dataset_binariesaes128_z8   aes128
     000005B7  C$aes128.c$51$2_0$43               aes128
     000005B8  A$test_dataset_binariesaes128_z8   aes128
     000005BB  A$test_dataset_binariesaes128_z8   aes128
     000005BD  A$test_dataset_binariesaes128_z8   aes128
     000005BF  A$test_dataset_binariesaes128_z8   aes128
     000005BF  C$aes128.c$60$2_0$43               aes128
     000005BF  XFaes128$MixColumns$0$0            aes128
     000005C0  A$test_dataset_binariesaes128_z8   aes128
     000005C0  C$aes128.c$62$2_0$47               aes128
     000005C0  Faes128$AddRoundKey$0$0            aes128
     000005C3  A$test_dataset_binariesaes128_z8   aes128
     000005C4  A$test_dataset_binariesaes128_z8   aes128
     000005C4  C$aes128.c$63$2_0$47               aes128
     000005C7  A$test_dataset_binariesaes128_z8   aes128
     000005C8  A$test_dataset_binariesaes128_z8   aes128
     000005CA  A$test_dataset_binariesaes128_z8   aes128
     000005CB  A$test_dataset_binariesaes128_z8   aes128
     000005CC  A$test_dataset_binariesaes128_z8   aes128
     000005CD  A$test_dataset_binariesaes128_z8   aes128
     000005CE  A$test_dataset_binariesaes128_z8   aes128
ASxxxx Linker V03.00 + NoICE + sdld,  page 11.
Hexadecimal  [32-Bits]

Area                                    Addr        Size        Decimal Bytes (Attributes)
--------------------------------        ----        ----        ------- ----- ------------
_CODE                               00000200    000014F8 =        5368. bytes (REL,CON)

      Value  Global                              Global Defined In Module
      -----  --------------------------------   ------------------------
     000005D0  A$test_dataset_binariesaes128_z8   aes128
     000005D2  A$test_dataset_binariesaes128_z8   aes128
     000005D5  A$test_dataset_binariesaes128_z8   aes128
     000005D6  A$test_dataset_binariesaes128_z8   aes128
     000005D7  A$test_dataset_binariesaes128_z8   aes128
     000005DA  A$test_dataset_binariesaes128_z8   aes128
     000005DB  A$test_dataset_binariesaes128_z8   aes128
     000005DC  A$test_dataset_binariesaes128_z8   aes128
     000005DD  A$test_dataset_binariesaes128_z8   aes128
     000005E0  A$test_dataset_binariesaes128_z8   aes128
     000005E3  A$test_dataset_binariesaes128_z8   aes128
     000005E6  A$test_dataset_binariesaes128_z8   aes128
     000005E7  A$test_dataset_binariesaes128_z8   aes128
     000005E8  A$test_dataset_binariesaes128_z8   aes128
     000005EB  A$test_dataset_binariesaes128_z8   aes128
     000005EC  A$test_dataset_binariesaes128_z8   aes128
     000005ED  A$test_dataset_binariesaes128_z8   aes128
     000005EF  A$test_dataset_binariesaes128_z8   aes128
     000005F0  A$test_dataset_binariesaes128_z8   aes128
     000005F2  A$test_dataset_binariesaes128_z8   aes128
     000005F2  C$aes128.c$64$2_0$47               aes128
     000005F2  XFaes128$AddRoundKey$0$0           aes128
     000005F3  A$test_dataset_binariesaes128_z8   aes128
     000005F3  C$aes128.c$66$2_0$49               aes128
     000005F3  Faes128$KeyExpansion$0$0           aes128
     000005F6  A$test_dataset_binariesaes128_z8   aes128
     000005F9  A$test_dataset_binariesaes128_z8   aes128
     000005FA  A$test_dataset_binariesaes128_z8   aes128
     000005FB  A$test_dataset_binariesaes128_z8   aes128
     000005FB  C$aes128.c$67$1_0$49               aes128
     000005FE  A$test_dataset_binariesaes128_z8   aes128
     00000601  A$test_dataset_binariesaes128_z8   aes128
     00000602  A$test_dataset_binariesaes128_z8   aes128
     00000603  A$test_dataset_binariesaes128_z8   aes128
     00000606  A$test_dataset_binariesaes128_z8   aes128
     00000609  A$test_dataset_binariesaes128_z8   aes128
     0000060A  A$test_dataset_binariesaes128_z8   aes128
     0000060D  A$test_dataset_binariesaes128_z8   aes128
     0000060F  A$test_dataset_binariesaes128_z8   aes128
     00000610  A$test_dataset_binariesaes128_z8   aes128
     00000610  C$aes128.c$69$3_0$51               aes128
     00000613  A$test_dataset_binariesaes128_z8   aes128
     00000615  A$test_dataset_binariesaes128_z8   aes128
     00000616  A$test_dataset_binariesaes128_z8   aes128
     00000618  A$test_dataset_binariesaes128_z8   aes128
     00000619  A$test_dataset_binariesaes128_z8   aes128
     0000061C  A$test_dataset_binariesaes128_z8   aes128
     0000061E  A$test_dataset_binariesaes128_z8   aes128
     00000621  A$test_dataset_binariesaes128_z8   aes128
     00000621  C$aes128.c$70$3_0$51               aes128
     00000622  A$test_dataset_binariesaes128_z8   aes128
ASxxxx Linker V03.00 + NoICE + sdld,  page 12.
Hexadecimal  [32-Bits]

Area                                    Addr        Size        Decimal Bytes (Attributes)
--------------------------------        ----        ----        ------- ----- ------------
_CODE                               00000200    000014F8 =        5368. bytes (REL,CON)

      Value  Global                              Global Defined In Module
      -----  --------------------------------   ------------------------
     00000623  A$test_dataset_binariesaes128_z8   aes128
     00000624  A$test_dataset_binariesaes128_z8   aes128
     00000625  A$test_dataset_binariesaes128_z8   aes128
     00000626  A$test_dataset_binariesaes128_z8   aes128
     00000627  A$test_dataset_binariesaes128_z8   aes128
     00000628  A$test_dataset_binariesaes128_z8   aes128
     00000629  A$test_dataset_binariesaes128_z8   aes128
     0000062A  A$test_dataset_binariesaes128_z8   aes128
     0000062B  A$test_dataset_binariesaes128_z8   aes128
     0000062C  A$test_dataset_binariesaes128_z8   aes128
     0000062C  C$aes128.c$71$3_0$51               aes128
     0000062D  A$test_dataset_binariesaes128_z8   aes128
     0000062E  A$test_dataset_binariesaes128_z8   aes128
     0000062F  A$test_dataset_binariesaes128_z8   aes128
     00000630  A$test_dataset_binariesaes128_z8   aes128
     00000631  A$test_dataset_binariesaes128_z8   aes128
     00000632  A$test_dataset_binariesaes128_z8   aes128
     00000633  A$test_dataset_binariesaes128_z8   aes128
     00000636  A$test_dataset_binariesaes128_z8   aes128
     00000639  A$test_dataset_binariesaes128_z8   aes128
     00000639  C$aes128.c$73$3_0$51               aes128
     0000063A  A$test_dataset_binariesaes128_z8   aes128
     0000063B  A$test_dataset_binariesaes128_z8   aes128
     0000063C  A$test_dataset_binariesaes128_z8   aes128
     0000063F  A$test_dataset_binariesaes128_z8   aes128
     00000640  A$test_dataset_binariesaes128_z8   aes128
     00000641  A$test_dataset_binariesaes128_z8   aes128
     00000642  A$test_dataset_binariesaes128_z8   aes128
     00000645  A$test_dataset_binariesaes128_z8   aes128
     00000646  A$test_dataset_binariesaes128_z8   aes128
     00000647  A$test_dataset_binariesaes128_z8   aes128
     00000648  A$test_dataset_binariesaes128_z8   aes128
     0000064A  A$test_dataset_binariesaes128_z8   aes128
     0000064B  A$test_dataset_binariesaes128_z8   aes128
     0000064D  A$test_dataset_binariesaes128_z8   aes128
     0000064F  A$test_dataset_binariesaes128_z8   aes128
     00000650  A$test_dataset_binariesaes128_z8   aes128
     00000651  A$test_dataset_binariesaes128_z8   aes128
     00000654  A$test_dataset_binariesaes128_z8   aes128
     00000657  A$test_dataset_binariesaes128_z8   aes128
     0000065A  A$test_dataset_binariesaes128_z8   aes128
     0000065B  A$test_dataset_binariesaes128_z8   aes128
     0000065C  A$test_dataset_binariesaes128_z8   aes128
     0000065F  A$test_dataset_binariesaes128_z8   aes128
     00000662  A$test_dataset_binariesaes128_z8   aes128
     00000665  A$test_dataset_binariesaes128_z8   aes128
     00000666  A$test_dataset_binariesaes128_z8   aes128
     00000666  C$aes128.c$74$3_0$51               aes128
     00000669  A$test_dataset_binariesaes128_z8   aes128
     0000066B  A$test_dataset_binariesaes128_z8   aes128
     0000066E  A$test_dataset_binariesaes128_z8   aes128
ASxxxx Linker V03.00 + NoICE + sdld,  page 13.
Hexadecimal  [32-Bits]

Area                                    Addr        Size        Decimal Bytes (Attributes)
--------------------------------        ----        ----        ------- ----- ------------
_CODE                               00000200    000014F8 =        5368. bytes (REL,CON)

      Value  Global                              Global Defined In Module
      -----  --------------------------------   ------------------------
     00000671  A$test_dataset_binariesaes128_z8   aes128
     00000673  A$test_dataset_binariesaes128_z8   aes128
     00000676  A$test_dataset_binariesaes128_z8   aes128
     00000677  A$test_dataset_binariesaes128_z8   aes128
     00000678  A$test_dataset_binariesaes128_z8   aes128
     00000679  A$test_dataset_binariesaes128_z8   aes128
     0000067A  A$test_dataset_binariesaes128_z8   aes128
     0000067D  A$test_dataset_binariesaes128_z8   aes128
     0000067E  A$test_dataset_binariesaes128_z8   aes128
     0000067F  A$test_dataset_binariesaes128_z8   aes128
     00000680  A$test_dataset_binariesaes128_z8   aes128
     00000683  A$test_dataset_binariesaes128_z8   aes128
     00000684  A$test_dataset_binariesaes128_z8   aes128
     00000685  A$test_dataset_binariesaes128_z8   aes128
     00000686  A$test_dataset_binariesaes128_z8   aes128
     00000688  A$test_dataset_binariesaes128_z8   aes128
     00000689  A$test_dataset_binariesaes128_z8   aes128
     0000068B  A$test_dataset_binariesaes128_z8   aes128
     0000068D  A$test_dataset_binariesaes128_z8   aes128
     0000068E  A$test_dataset_binariesaes128_z8   aes128
     0000068F  A$test_dataset_binariesaes128_z8   aes128
     00000692  A$test_dataset_binariesaes128_z8   aes128
     00000695  A$test_dataset_binariesaes128_z8   aes128
     00000698  A$test_dataset_binariesaes128_z8   aes128
     00000699  A$test_dataset_binariesaes128_z8   aes128
     00000699  C$aes128.c$75$3_0$51               aes128
     0000069C  A$test_dataset_binariesaes128_z8   aes128
     0000069E  A$test_dataset_binariesaes128_z8   aes128
     000006A1  A$test_dataset_binariesaes128_z8   aes128
     000006A4  A$test_dataset_binariesaes128_z8   aes128
     000006A6  A$test_dataset_binariesaes128_z8   aes128
     000006A9  A$test_dataset_binariesaes128_z8   aes128
     000006AA  A$test_dataset_binariesaes128_z8   aes128
     000006AB  A$test_dataset_binariesaes128_z8   aes128
     000006AC  A$test_dataset_binariesaes128_z8   aes128
     000006AD  A$test_dataset_binariesaes128_z8   aes128
     000006AE  A$test_dataset_binariesaes128_z8   aes128
     000006B1  A$test_dataset_binariesaes128_z8   aes128
     000006B2  A$test_dataset_binariesaes128_z8   aes128
     000006B3  A$test_dataset_binariesaes128_z8   aes128
     000006B4  A$test_dataset_binariesaes128_z8   aes128
     000006B7  A$test_dataset_binariesaes128_z8   aes128
     000006B8  A$test_dataset_binariesaes128_z8   aes128
     000006B9  A$test_dataset_binariesaes128_z8   aes128
     000006BA  A$test_dataset_binariesaes128_z8   aes128
     000006BC  A$test_dataset_binariesaes128_z8   aes128
     000006BD  A$test_dataset_binariesaes128_z8   aes128
     000006BF  A$test_dataset_binariesaes128_z8   aes128
     000006C1  A$test_dataset_binariesaes128_z8   aes128
     000006C2  A$test_dataset_binariesaes128_z8   aes128
     000006C3  A$test_dataset_binariesaes128_z8   aes128
ASxxxx Linker V03.00 + NoICE + sdld,  page 14.
Hexadecimal  [32-Bits]

Area                                    Addr        Size        Decimal Bytes (Attributes)
--------------------------------        ----        ----        ------- ----- ------------
_CODE                               00000200    000014F8 =        5368. bytes (REL,CON)

      Value  Global                              Global Defined In Module
      -----  --------------------------------   ------------------------
     000006C6  A$test_dataset_binariesaes128_z8   aes128
     000006C9  A$test_dataset_binariesaes128_z8   aes128
     000006CC  A$test_dataset_binariesaes128_z8   aes128
     000006CD  A$test_dataset_binariesaes128_z8   aes128
     000006CD  C$aes128.c$76$3_0$51               aes128
     000006D0  A$test_dataset_binariesaes128_z8   aes128
     000006D2  A$test_dataset_binariesaes128_z8   aes128
     000006D5  A$test_dataset_binariesaes128_z8   aes128
     000006D8  A$test_dataset_binariesaes128_z8   aes128
     000006DA  A$test_dataset_binariesaes128_z8   aes128
     000006DD  A$test_dataset_binariesaes128_z8   aes128
     000006DE  A$test_dataset_binariesaes128_z8   aes128
     000006DF  A$test_dataset_binariesaes128_z8   aes128
     000006E0  A$test_dataset_binariesaes128_z8   aes128
     000006E1  A$test_dataset_binariesaes128_z8   aes128
     000006E2  A$test_dataset_binariesaes128_z8   aes128
     000006E3  A$test_dataset_binariesaes128_z8   aes128
     000006E6  A$test_dataset_binariesaes128_z8   aes128
     000006E7  A$test_dataset_binariesaes128_z8   aes128
     000006E8  A$test_dataset_binariesaes128_z8   aes128
     000006E9  A$test_dataset_binariesaes128_z8   aes128
     000006EC  A$test_dataset_binariesaes128_z8   aes128
     000006ED  A$test_dataset_binariesaes128_z8   aes128
     000006EE  A$test_dataset_binariesaes128_z8   aes128
     000006EF  A$test_dataset_binariesaes128_z8   aes128
     000006F1  A$test_dataset_binariesaes128_z8   aes128
     000006F2  A$test_dataset_binariesaes128_z8   aes128
     000006F4  A$test_dataset_binariesaes128_z8   aes128
     000006F6  A$test_dataset_binariesaes128_z8   aes128
     000006F7  A$test_dataset_binariesaes128_z8   aes128
     000006F8  A$test_dataset_binariesaes128_z8   aes128
     000006FB  A$test_dataset_binariesaes128_z8   aes128
     000006FE  A$test_dataset_binariesaes128_z8   aes128
     00000701  A$test_dataset_binariesaes128_z8   aes128
     00000702  A$test_dataset_binariesaes128_z8   aes128
     00000702  C$aes128.c$78$2_0$49               aes128
     00000706  A$test_dataset_binariesaes128_z8   aes128
     00000707  A$test_dataset_binariesaes128_z8   aes128
     0000070A  A$test_dataset_binariesaes128_z8   aes128
     0000070D  A$test_dataset_binariesaes128_z8   aes128
     0000070F  A$test_dataset_binariesaes128_z8   aes128
     00000712  A$test_dataset_binariesaes128_z8   aes128
     00000713  A$test_dataset_binariesaes128_z8   aes128
     00000714  A$test_dataset_binariesaes128_z8   aes128
     00000715  A$test_dataset_binariesaes128_z8   aes128
     00000717  A$test_dataset_binariesaes128_z8   aes128
     00000719  A$test_dataset_binariesaes128_z8   aes128
     00000719  C$aes128.c$79$4_0$52               aes128
     0000071C  A$test_dataset_binariesaes128_z8   aes128
     0000071F  A$test_dataset_binariesaes128_z8   aes128
     00000722  A$test_dataset_binariesaes128_z8   aes128
ASxxxx Linker V03.00 + NoICE + sdld,  page 15.
Hexadecimal  [32-Bits]

Area                                    Addr        Size        Decimal Bytes (Attributes)
--------------------------------        ----        ----        ------- ----- ------------
_CODE                               00000200    000014F8 =        5368. bytes (REL,CON)

      Value  Global                              Global Defined In Module
      -----  --------------------------------   ------------------------
     00000725  A$test_dataset_binariesaes128_z8   aes128
     00000728  A$test_dataset_binariesaes128_z8   aes128
     0000072B  A$test_dataset_binariesaes128_z8   aes128
     0000072E  A$test_dataset_binariesaes128_z8   aes128
     00000731  A$test_dataset_binariesaes128_z8   aes128
     00000732  A$test_dataset_binariesaes128_z8   aes128
     00000735  A$test_dataset_binariesaes128_z8   aes128
     00000738  A$test_dataset_binariesaes128_z8   aes128
     00000739  A$test_dataset_binariesaes128_z8   aes128
     0000073A  A$test_dataset_binariesaes128_z8   aes128
     0000073D  A$test_dataset_binariesaes128_z8   aes128
     00000740  A$test_dataset_binariesaes128_z8   aes128
     00000742  A$test_dataset_binariesaes128_z8   aes128
     00000743  A$test_dataset_binariesaes128_z8   aes128
     00000746  A$test_dataset_binariesaes128_z8   aes128
     00000748  A$test_dataset_binariesaes128_z8   aes128
     00000749  A$test_dataset_binariesaes128_z8   aes128
     0000074A  A$test_dataset_binariesaes128_z8   aes128
     0000074D  A$test_dataset_binariesaes128_z8   aes128
     0000074E  A$test_dataset_binariesaes128_z8   aes128
     0000074F  A$test_dataset_binariesaes128_z8   aes128
     00000752  A$test_dataset_binariesaes128_z8   aes128
     00000753  A$test_dataset_binariesaes128_z8   aes128
     00000754  A$test_dataset_binariesaes128_z8   aes128
     00000757  A$test_dataset_binariesaes128_z8   aes128
     0000075A  A$test_dataset_binariesaes128_z8   aes128
     0000075D  A$test_dataset_binariesaes128_z8   aes128
     0000075E  A$test_dataset_binariesaes128_z8   aes128
     0000075E  C$aes128.c$78$4_0$52               aes128
     00000761  A$test_dataset_binariesaes128_z8   aes128
     00000763  A$test_dataset_binariesaes128_z8   aes128
     00000766  A$test_dataset_binariesaes128_z8   aes128
     00000768  A$test_dataset_binariesaes128_z8   aes128
     00000768  C$aes128.c$69$2_0$50               aes128
     00000769  A$test_dataset_binariesaes128_z8   aes128
     0000076C  A$test_dataset_binariesaes128_z8   aes128
     0000076E  A$test_dataset_binariesaes128_z8   aes128
     00000770  A$test_dataset_binariesaes128_z8   aes128
     00000770  C$aes128.c$81$2_0$49               aes128
     00000770  XFaes128$KeyExpansion$0$0          aes128
     00000771  A$test_dataset_binariesaes128_z8   aes128
     00000771  C$aes128.c$83$2_0$54               aes128
     00000771  G$AES128_Encrypt$0$0               aes128
     00000771  _AES128_Encrypt                    aes128
     00000774  A$test_dataset_binariesaes128_z8   aes128
     00000777  A$test_dataset_binariesaes128_z8   aes128
     00000778  A$test_dataset_binariesaes128_z8   aes128
     00000779  A$test_dataset_binariesaes128_z8   aes128
     00000779  C$aes128.c$87$1_0$54               aes128
     0000077C  A$test_dataset_binariesaes128_z8   aes128
     0000077D  A$test_dataset_binariesaes128_z8   aes128
ASxxxx Linker V03.00 + NoICE + sdld,  page 16.
Hexadecimal  [32-Bits]

Area                                    Addr        Size        Decimal Bytes (Attributes)
--------------------------------        ----        ----        ------- ----- ------------
_CODE                               00000200    000014F8 =        5368. bytes (REL,CON)

      Value  Global                              Global Defined In Module
      -----  --------------------------------   ------------------------
     0000077E  A$test_dataset_binariesaes128_z8   aes128
     0000077F  A$test_dataset_binariesaes128_z8   aes128
     00000780  A$test_dataset_binariesaes128_z8   aes128
     00000781  A$test_dataset_binariesaes128_z8   aes128
     00000784  A$test_dataset_binariesaes128_z8   aes128
     00000787  A$test_dataset_binariesaes128_z8   aes128
     00000788  A$test_dataset_binariesaes128_z8   aes128
     0000078B  A$test_dataset_binariesaes128_z8   aes128
     0000078D  A$test_dataset_binariesaes128_z8   aes128
     0000078E  A$test_dataset_binariesaes128_z8   aes128
     0000078E  C$aes128.c$88$1_0$54               aes128
     00000791  A$test_dataset_binariesaes128_z8   aes128
     00000792  A$test_dataset_binariesaes128_z8   aes128
     00000793  A$test_dataset_binariesaes128_z8   aes128
     00000794  A$test_dataset_binariesaes128_z8   aes128
     00000797  A$test_dataset_binariesaes128_z8   aes128
     0000079A  A$test_dataset_binariesaes128_z8   aes128
     0000079B  A$test_dataset_binariesaes128_z8   aes128
     0000079E  A$test_dataset_binariesaes128_z8   aes128
     0000079F  A$test_dataset_binariesaes128_z8   aes128
     000007A0  A$test_dataset_binariesaes128_z8   aes128
     000007A1  A$test_dataset_binariesaes128_z8   aes128
     000007A1  C$aes128.c$90$1_0$54               aes128
     000007A4  A$test_dataset_binariesaes128_z8   aes128
     000007A5  A$test_dataset_binariesaes128_z8   aes128
     000007A6  A$test_dataset_binariesaes128_z8   aes128
     000007A7  A$test_dataset_binariesaes128_z8   aes128
     000007A8  A$test_dataset_binariesaes128_z8   aes128
     000007A9  A$test_dataset_binariesaes128_z8   aes128
     000007AA  A$test_dataset_binariesaes128_z8   aes128
     000007AD  A$test_dataset_binariesaes128_z8   aes128
     000007AE  A$test_dataset_binariesaes128_z8   aes128
     000007AF  A$test_dataset_binariesaes128_z8   aes128
     000007B0  A$test_dataset_binariesaes128_z8   aes128
     000007B0  C$aes128.c$92$3_0$56               aes128
     000007B3  A$test_dataset_binariesaes128_z8   aes128
     000007B6  A$test_dataset_binariesaes128_z8   aes128
     000007B9  A$test_dataset_binariesaes128_z8   aes128
     000007BC  A$test_dataset_binariesaes128_z8   aes128
     000007BF  A$test_dataset_binariesaes128_z8   aes128
     000007C2  A$test_dataset_binariesaes128_z8   aes128
     000007C5  A$test_dataset_binariesaes128_z8   aes128
     000007C6  A$test_dataset_binariesaes128_z8   aes128
     000007C9  A$test_dataset_binariesaes128_z8   aes128
     000007CC  A$test_dataset_binariesaes128_z8   aes128
     000007CF  A$test_dataset_binariesaes128_z8   aes128
     000007D2  A$test_dataset_binariesaes128_z8   aes128
     000007D6  A$test_dataset_binariesaes128_z8   aes128
     000007D7  A$test_dataset_binariesaes128_z8   aes128
     000007DA  A$test_dataset_binariesaes128_z8   aes128
     000007DD  A$test_dataset_binariesaes128_z8   aes128
ASxxxx Linker V03.00 + NoICE + sdld,  page 17.
Hexadecimal  [32-Bits]

Area                                    Addr        Size        Decimal Bytes (Attributes)
--------------------------------        ----        ----        ------- ----- ------------
_CODE                               00000200    000014F8 =        5368. bytes (REL,CON)

      Value  Global                              Global Defined In Module
      -----  --------------------------------   ------------------------
     000007DF  A$test_dataset_binariesaes128_z8   aes128
     000007E2  A$test_dataset_binariesaes128_z8   aes128
     000007E3  A$test_dataset_binariesaes128_z8   aes128
     000007E4  A$test_dataset_binariesaes128_z8   aes128
     000007E5  A$test_dataset_binariesaes128_z8   aes128
     000007E7  A$test_dataset_binariesaes128_z8   aes128
     000007E9  A$test_dataset_binariesaes128_z8   aes128
     000007E9  C$aes128.c$93$3_0$56               aes128
     000007EC  A$test_dataset_binariesaes128_z8   aes128
     000007EF  A$test_dataset_binariesaes128_z8   aes128
     000007F0  A$test_dataset_binariesaes128_z8   aes128
     000007F1  A$test_dataset_binariesaes128_z8   aes128
     000007F4  A$test_dataset_binariesaes128_z8   aes128
     000007F5  A$test_dataset_binariesaes128_z8   aes128
     000007F6  A$test_dataset_binariesaes128_z8   aes128
     000007F6  C$aes128.c$94$3_0$56               aes128
     000007F9  A$test_dataset_binariesaes128_z8   aes128
     000007FC  A$test_dataset_binariesaes128_z8   aes128
     000007FD  A$test_dataset_binariesaes128_z8   aes128
     000007FE  A$test_dataset_binariesaes128_z8   aes128
     00000801  A$test_dataset_binariesaes128_z8   aes128
     00000802  A$test_dataset_binariesaes128_z8   aes128
     00000803  A$test_dataset_binariesaes128_z8   aes128
     00000803  C$aes128.c$95$3_0$56               aes128
     00000806  A$test_dataset_binariesaes128_z8   aes128
     00000809  A$test_dataset_binariesaes128_z8   aes128
     0000080A  A$test_dataset_binariesaes128_z8   aes128
     0000080B  A$test_dataset_binariesaes128_z8   aes128
     0000080E  A$test_dataset_binariesaes128_z8   aes128
     0000080F  A$test_dataset_binariesaes128_z8   aes128
     00000810  A$test_dataset_binariesaes128_z8   aes128
     00000810  C$aes128.c$96$3_0$56               aes128
     00000813  A$test_dataset_binariesaes128_z8   aes128
     00000816  A$test_dataset_binariesaes128_z8   aes128
     00000818  A$test_dataset_binariesaes128_z8   aes128
     0000081A  A$test_dataset_binariesaes128_z8   aes128
     0000081C  A$test_dataset_binariesaes128_z8   aes128
     0000081E  A$test_dataset_binariesaes128_z8   aes128
     00000820  A$test_dataset_binariesaes128_z8   aes128
     00000822  A$test_dataset_binariesaes128_z8   aes128
     00000824  A$test_dataset_binariesaes128_z8   aes128
     00000826  A$test_dataset_binariesaes128_z8   aes128
     00000827  A$test_dataset_binariesaes128_z8   aes128
     0000082A  A$test_dataset_binariesaes128_z8   aes128
     0000082B  A$test_dataset_binariesaes128_z8   aes128
     0000082C  A$test_dataset_binariesaes128_z8   aes128
     0000082F  A$test_dataset_binariesaes128_z8   aes128
     00000830  A$test_dataset_binariesaes128_z8   aes128
     00000833  A$test_dataset_binariesaes128_z8   aes128
     00000836  A$test_dataset_binariesaes128_z8   aes128
     00000837  A$test_dataset_binariesaes128_z8   aes128
ASxxxx Linker V03.00 + NoICE + sdld,  page 18.
Hexadecimal  [32-Bits]

Area                                    Addr        Size        Decimal Bytes (Attributes)
--------------------------------        ----        ----        ------- ----- ------------
_CODE                               00000200    000014F8 =        5368. bytes (REL,CON)

      Value  Global                              Global Defined In Module
      -----  --------------------------------   ------------------------
     00000838  A$test_dataset_binariesaes128_z8   aes128
     00000839  A$test_dataset_binariesaes128_z8   aes128
     0000083C  A$test_dataset_binariesaes128_z8   aes128
     0000083D  A$test_dataset_binariesaes128_z8   aes128
     0000083E  A$test_dataset_binariesaes128_z8   aes128
     0000083F  A$test_dataset_binariesaes128_z8   aes128
     0000083F  C$aes128.c$92$2_0$55               aes128
     00000842  A$test_dataset_binariesaes128_z8   aes128
     00000844  A$test_dataset_binariesaes128_z8   aes128
     00000847  A$test_dataset_binariesaes128_z8   aes128
     00000849  A$test_dataset_binariesaes128_z8   aes128
     00000849  C$aes128.c$99$1_0$54               aes128
     0000084A  A$test_dataset_binariesaes128_z8   aes128
     0000084B  A$test_dataset_binariesaes128_z8   aes128
     0000084C  A$test_dataset_binariesaes128_z8   aes128
     0000084D  A$test_dataset_binariesaes128_z8   aes128
     00000850  A$test_dataset_binariesaes128_z8   aes128
     00000851  A$test_dataset_binariesaes128_z8   aes128
     00000852  A$test_dataset_binariesaes128_z8   aes128
     00000852  C$aes128.c$100$1_0$54              aes128
     00000853  A$test_dataset_binariesaes128_z8   aes128
     00000854  A$test_dataset_binariesaes128_z8   aes128
     00000855  A$test_dataset_binariesaes128_z8   aes128
     00000856  A$test_dataset_binariesaes128_z8   aes128
     00000859  A$test_dataset_binariesaes128_z8   aes128
     0000085A  A$test_dataset_binariesaes128_z8   aes128
     0000085B  A$test_dataset_binariesaes128_z8   aes128
     0000085B  C$aes128.c$101$1_0$54              aes128
     0000085E  A$test_dataset_binariesaes128_z8   aes128
     00000860  A$test_dataset_binariesaes128_z8   aes128
     00000861  A$test_dataset_binariesaes128_z8   aes128
     00000864  A$test_dataset_binariesaes128_z8   aes128
     00000866  A$test_dataset_binariesaes128_z8   aes128
     00000867  A$test_dataset_binariesaes128_z8   aes128
     00000868  A$test_dataset_binariesaes128_z8   aes128
     00000869  A$test_dataset_binariesaes128_z8   aes128
     0000086A  A$test_dataset_binariesaes128_z8   aes128
     0000086B  A$test_dataset_binariesaes128_z8   aes128
     0000086C  A$test_dataset_binariesaes128_z8   aes128
     0000086F  A$test_dataset_binariesaes128_z8   aes128
     00000870  A$test_dataset_binariesaes128_z8   aes128
     00000871  A$test_dataset_binariesaes128_z8   aes128
     00000872  A$test_dataset_binariesaes128_z8   aes128
     00000872  C$aes128.c$103$1_0$54              aes128
     00000875  A$test_dataset_binariesaes128_z8   aes128
     00000878  A$test_dataset_binariesaes128_z8   aes128
     00000879  A$test_dataset_binariesaes128_z8   aes128
     0000087A  A$test_dataset_binariesaes128_z8   aes128
     0000087D  A$test_dataset_binariesaes128_z8   aes128
     0000087F  A$test_dataset_binariesaes128_z8   aes128
     00000881  A$test_dataset_binariesaes128_z8   aes128
ASxxxx Linker V03.00 + NoICE + sdld,  page 19.
Hexadecimal  [32-Bits]

Area                                    Addr        Size        Decimal Bytes (Attributes)
--------------------------------        ----        ----        ------- ----- ------------
_CODE                               00000200    000014F8 =        5368. bytes (REL,CON)

      Value  Global                              Global Defined In Module
      -----  --------------------------------   ------------------------
     00000883  A$test_dataset_binariesaes128_z8   aes128
     00000883  C$aes128.c$104$1_0$54              aes128
     00000883  XG$AES128_Encrypt$0$0              aes128
     00000884  A$test_dataset_binariesaes128_z8   aes128
     00000884  C$aes128.c$106$1_0$57              aes128
     00000884  G$main$0$0                         aes128
     00000884  _main                              aes128
     00000887  A$test_dataset_binariesaes128_z8   aes128
     0000088A  A$test_dataset_binariesaes128_z8   aes128
     0000088B  A$test_dataset_binariesaes128_z8   aes128
     0000088C  A$test_dataset_binariesaes128_z8   aes128
     0000088C  C$aes128.c$107$2_0$57              aes128
     0000088F  A$test_dataset_binariesaes128_z8   aes128
     00000890  A$test_dataset_binariesaes128_z8   aes128
     00000891  A$test_dataset_binariesaes128_z8   aes128
     00000893  A$test_dataset_binariesaes128_z8   aes128
     00000894  A$test_dataset_binariesaes128_z8   aes128
     00000895  A$test_dataset_binariesaes128_z8   aes128
     00000896  A$test_dataset_binariesaes128_z8   aes128
     00000897  A$test_dataset_binariesaes128_z8   aes128
     00000899  A$test_dataset_binariesaes128_z8   aes128
     0000089A  A$test_dataset_binariesaes128_z8   aes128
     0000089B  A$test_dataset_binariesaes128_z8   aes128
     0000089C  A$test_dataset_binariesaes128_z8   aes128
     0000089D  A$test_dataset_binariesaes128_z8   aes128
     0000089F  A$test_dataset_binariesaes128_z8   aes128
     000008A0  A$test_dataset_binariesaes128_z8   aes128
     000008A1  A$test_dataset_binariesaes128_z8   aes128
     000008A2  A$test_dataset_binariesaes128_z8   aes128
     000008A3  A$test_dataset_binariesaes128_z8   aes128
     000008A4  A$test_dataset_binariesaes128_z8   aes128
     000008A6  A$test_dataset_binariesaes128_z8   aes128
     000008A9  A$test_dataset_binariesaes128_z8   aes128
     000008AA  A$test_dataset_binariesaes128_z8   aes128
     000008AC  A$test_dataset_binariesaes128_z8   aes128
     000008AF  A$test_dataset_binariesaes128_z8   aes128
     000008B0  A$test_dataset_binariesaes128_z8   aes128
     000008B2  A$test_dataset_binariesaes128_z8   aes128
     000008B5  A$test_dataset_binariesaes128_z8   aes128
     000008B6  A$test_dataset_binariesaes128_z8   aes128
     000008B8  A$test_dataset_binariesaes128_z8   aes128
     000008BB  A$test_dataset_binariesaes128_z8   aes128
     000008BC  A$test_dataset_binariesaes128_z8   aes128
     000008BE  A$test_dataset_binariesaes128_z8   aes128
     000008C1  A$test_dataset_binariesaes128_z8   aes128
     000008C2  A$test_dataset_binariesaes128_z8   aes128
     000008C4  A$test_dataset_binariesaes128_z8   aes128
     000008C7  A$test_dataset_binariesaes128_z8   aes128
     000008C8  A$test_dataset_binariesaes128_z8   aes128
     000008CA  A$test_dataset_binariesaes128_z8   aes128
     000008CD  A$test_dataset_binariesaes128_z8   aes128
ASxxxx Linker V03.00 + NoICE + sdld,  page 20.
Hexadecimal  [32-Bits]

Area                                    Addr        Size        Decimal Bytes (Attributes)
--------------------------------        ----        ----        ------- ----- ------------
_CODE                               00000200    000014F8 =        5368. bytes (REL,CON)

      Value  Global                              Global Defined In Module
      -----  --------------------------------   ------------------------
     000008CE  A$test_dataset_binariesaes128_z8   aes128
     000008D0  A$test_dataset_binariesaes128_z8   aes128
     000008D3  A$test_dataset_binariesaes128_z8   aes128
     000008D4  A$test_dataset_binariesaes128_z8   aes128
     000008D6  A$test_dataset_binariesaes128_z8   aes128
     000008D9  A$test_dataset_binariesaes128_z8   aes128
     000008DA  A$test_dataset_binariesaes128_z8   aes128
     000008DC  A$test_dataset_binariesaes128_z8   aes128
     000008DF  A$test_dataset_binariesaes128_z8   aes128
     000008E0  A$test_dataset_binariesaes128_z8   aes128
     000008E2  A$test_dataset_binariesaes128_z8   aes128
     000008E5  A$test_dataset_binariesaes128_z8   aes128
     000008E6  A$test_dataset_binariesaes128_z8   aes128
     000008E8  A$test_dataset_binariesaes128_z8   aes128
     000008EB  A$test_dataset_binariesaes128_z8   aes128
     000008EC  A$test_dataset_binariesaes128_z8   aes128
     000008EE  A$test_dataset_binariesaes128_z8   aes128
     000008EE  C$aes128.c$112$2_0$57              aes128
     000008F1  A$test_dataset_binariesaes128_z8   aes128
     000008F2  A$test_dataset_binariesaes128_z8   aes128
     000008F3  A$test_dataset_binariesaes128_z8   aes128
     000008F4  A$test_dataset_binariesaes128_z8   aes128
     000008F6  A$test_dataset_binariesaes128_z8   aes128
     000008F7  A$test_dataset_binariesaes128_z8   aes128
     000008F8  A$test_dataset_binariesaes128_z8   aes128
     000008F9  A$test_dataset_binariesaes128_z8   aes128
     000008FA  A$test_dataset_binariesaes128_z8   aes128
     000008FC  A$test_dataset_binariesaes128_z8   aes128
     000008FD  A$test_dataset_binariesaes128_z8   aes128
     000008FE  A$test_dataset_binariesaes128_z8   aes128
     000008FF  A$test_dataset_binariesaes128_z8   aes128
     00000900  A$test_dataset_binariesaes128_z8   aes128
     00000902  A$test_dataset_binariesaes128_z8   aes128
     00000903  A$test_dataset_binariesaes128_z8   aes128
     00000904  A$test_dataset_binariesaes128_z8   aes128
     00000905  A$test_dataset_binariesaes128_z8   aes128
     00000906  A$test_dataset_binariesaes128_z8   aes128
     00000907  A$test_dataset_binariesaes128_z8   aes128
     00000909  A$test_dataset_binariesaes128_z8   aes128
     0000090C  A$test_dataset_binariesaes128_z8   aes128
     0000090D  A$test_dataset_binariesaes128_z8   aes128
     0000090F  A$test_dataset_binariesaes128_z8   aes128
     00000912  A$test_dataset_binariesaes128_z8   aes128
     00000913  A$test_dataset_binariesaes128_z8   aes128
     00000915  A$test_dataset_binariesaes128_z8   aes128
     00000918  A$test_dataset_binariesaes128_z8   aes128
     00000919  A$test_dataset_binariesaes128_z8   aes128
     0000091B  A$test_dataset_binariesaes128_z8   aes128
     0000091E  A$test_dataset_binariesaes128_z8   aes128
     0000091F  A$test_dataset_binariesaes128_z8   aes128
     00000921  A$test_dataset_binariesaes128_z8   aes128
ASxxxx Linker V03.00 + NoICE + sdld,  page 21.
Hexadecimal  [32-Bits]

Area                                    Addr        Size        Decimal Bytes (Attributes)
--------------------------------        ----        ----        ------- ----- ------------
_CODE                               00000200    000014F8 =        5368. bytes (REL,CON)

      Value  Global                              Global Defined In Module
      -----  --------------------------------   ------------------------
     00000924  A$test_dataset_binariesaes128_z8   aes128
     00000925  A$test_dataset_binariesaes128_z8   aes128
     00000927  A$test_dataset_binariesaes128_z8   aes128
     0000092A  A$test_dataset_binariesaes128_z8   aes128
     0000092B  A$test_dataset_binariesaes128_z8   aes128
     0000092D  A$test_dataset_binariesaes128_z8   aes128
     00000930  A$test_dataset_binariesaes128_z8   aes128
     00000931  A$test_dataset_binariesaes128_z8   aes128
     00000933  A$test_dataset_binariesaes128_z8   aes128
     00000936  A$test_dataset_binariesaes128_z8   aes128
     00000937  A$test_dataset_binariesaes128_z8   aes128
     00000939  A$test_dataset_binariesaes128_z8   aes128
     0000093C  A$test_dataset_binariesaes128_z8   aes128
     0000093D  A$test_dataset_binariesaes128_z8   aes128
     0000093F  A$test_dataset_binariesaes128_z8   aes128
     00000942  A$test_dataset_binariesaes128_z8   aes128
     00000943  A$test_dataset_binariesaes128_z8   aes128
     00000945  A$test_dataset_binariesaes128_z8   aes128
     00000948  A$test_dataset_binariesaes128_z8   aes128
     00000949  A$test_dataset_binariesaes128_z8   aes128
     0000094B  A$test_dataset_binariesaes128_z8   aes128
     0000094E  A$test_dataset_binariesaes128_z8   aes128
     0000094F  A$test_dataset_binariesaes128_z8   aes128
     00000951  A$test_dataset_binariesaes128_z8   aes128
     00000951  C$aes128.c$119$1_0$57              aes128
     00000954  A$test_dataset_binariesaes128_z8   aes128
     00000955  A$test_dataset_binariesaes128_z8   aes128
     00000958  A$test_dataset_binariesaes128_z8   aes128
     0000095B  A$test_dataset_binariesaes128_z8   aes128
     0000095C  A$test_dataset_binariesaes128_z8   aes128
     0000095D  A$test_dataset_binariesaes128_z8   aes128
     0000095E  A$test_dataset_binariesaes128_z8   aes128
     00000961  A$test_dataset_binariesaes128_z8   aes128
     00000962  A$test_dataset_binariesaes128_z8   aes128
     00000963  A$test_dataset_binariesaes128_z8   aes128
     00000963  C$aes128.c$121$1_0$57              aes128
     00000966  A$test_dataset_binariesaes128_z8   aes128
     00000967  A$test_dataset_binariesaes128_z8   aes128
     0000096A  A$test_dataset_binariesaes128_z8   aes128
     0000096B  A$test_dataset_binariesaes128_z8   aes128
     0000096B  C$aes128.c$122$2_0$58              aes128
     0000096E  A$test_dataset_binariesaes128_z8   aes128
     0000096F  A$test_dataset_binariesaes128_z8   aes128
     00000971  A$test_dataset_binariesaes128_z8   aes128
     00000972  A$test_dataset_binariesaes128_z8   aes128
     00000973  A$test_dataset_binariesaes128_z8   aes128
     00000974  A$test_dataset_binariesaes128_z8   aes128
     00000975  A$test_dataset_binariesaes128_z8   aes128
     00000977  A$test_dataset_binariesaes128_z8   aes128
     00000979  A$test_dataset_binariesaes128_z8   aes128
     0000097C  A$test_dataset_binariesaes128_z8   aes128
ASxxxx Linker V03.00 + NoICE + sdld,  page 22.
Hexadecimal  [32-Bits]

Area                                    Addr        Size        Decimal Bytes (Attributes)
--------------------------------        ----        ----        ------- ----- ------------
_CODE                               00000200    000014F8 =        5368. bytes (REL,CON)

      Value  Global                              Global Defined In Module
      -----  --------------------------------   ------------------------
     0000097F  A$test_dataset_binariesaes128_z8   aes128
     00000980  A$test_dataset_binariesaes128_z8   aes128
     00000981  A$test_dataset_binariesaes128_z8   aes128
     00000983  A$test_dataset_binariesaes128_z8   aes128
     00000984  A$test_dataset_binariesaes128_z8   aes128
     00000985  A$test_dataset_binariesaes128_z8   aes128
     00000988  A$test_dataset_binariesaes128_z8   aes128
     00000989  A$test_dataset_binariesaes128_z8   aes128
     0000098C  A$test_dataset_binariesaes128_z8   aes128
     0000098D  A$test_dataset_binariesaes128_z8   aes128
     0000098E  A$test_dataset_binariesaes128_z8   aes128
     0000098F  A$test_dataset_binariesaes128_z8   aes128
     00000990  A$test_dataset_binariesaes128_z8   aes128
     00000992  A$test_dataset_binariesaes128_z8   aes128
     00000992  C$aes128.c$123$1_0$57              aes128
     00000995  A$test_dataset_binariesaes128_z8   aes128
     00000996  A$test_dataset_binariesaes128_z8   aes128
     00000999  A$test_dataset_binariesaes128_z8   aes128
     0000099A  A$test_dataset_binariesaes128_z8   aes128
     0000099A  C$aes128.c$125$1_0$57              aes128
     0000099D  A$test_dataset_binariesaes128_z8   aes128
     0000099F  A$test_dataset_binariesaes128_z8   aes128
     000009A1  A$test_dataset_binariesaes128_z8   aes128
     000009A1  C$aes128.c$126$1_0$57              aes128
     000009A1  XG$main$0$0                        aes128
     000009A2  Faes128$__str_0$0_0$0              aes128
     000009CA  Faes128$__str_1$0_0$0              aes128
     000009D0  Faes128$__str_3$0_0$0              aes128
     000009D1  _puts                              puts
     00000A03  _vprintf                           vprintf
     00000A2B  _printf                            vprintf
     00000A48  ___sdcc_enter_ix                   
     00000B78  __print_format                     printf_large
     000016E8  ___sdcc_call_hl                    
     000016E9  _strlen                            

ASxxxx Linker V03.00 + NoICE + sdld,  page 23.
Hexadecimal  [32-Bits]

Area                                    Addr        Size        Decimal Bytes (Attributes)
--------------------------------        ----        ----        ------- ----- ------------
_HEADER0                            00000000    00000003 =           3. bytes (ABS,CON)

      Value  Global                              Global Defined In Module
      -----  --------------------------------   ------------------------
ASxxxx Linker V03.00 + NoICE + sdld,  page 24.
Hexadecimal  [32-Bits]

Area                                    Addr        Size        Decimal Bytes (Attributes)
--------------------------------        ----        ----        ------- ----- ------------
_HEADER1                            00000000    00000004 =           4. bytes (ABS,CON)

      Value  Global                              Global Defined In Module
      -----  --------------------------------   ------------------------
ASxxxx Linker V03.00 + NoICE + sdld,  page 25.
Hexadecimal  [32-Bits]

Area                                    Addr        Size        Decimal Bytes (Attributes)
--------------------------------        ----        ----        ------- ----- ------------
_HEADER2                            00000000    00000003 =           3. bytes (ABS,CON)

      Value  Global                              Global Defined In Module
      -----  --------------------------------   ------------------------
ASxxxx Linker V03.00 + NoICE + sdld,  page 26.
Hexadecimal  [32-Bits]

Area                                    Addr        Size        Decimal Bytes (Attributes)
--------------------------------        ----        ----        ------- ----- ------------
_HEADER3                            00000000    00000003 =           3. bytes (ABS,CON)

      Value  Global                              Global Defined In Module
      -----  --------------------------------   ------------------------
ASxxxx Linker V03.00 + NoICE + sdld,  page 27.
Hexadecimal  [32-Bits]

Area                                    Addr        Size        Decimal Bytes (Attributes)
--------------------------------        ----        ----        ------- ----- ------------
_HEADER4                            00000000    00000003 =           3. bytes (ABS,CON)

      Value  Global                              Global Defined In Module
      -----  --------------------------------   ------------------------
ASxxxx Linker V03.00 + NoICE + sdld,  page 28.
Hexadecimal  [32-Bits]

Area                                    Addr        Size        Decimal Bytes (Attributes)
--------------------------------        ----        ----        ------- ----- ------------
_HEADER5                            00000000    00000003 =           3. bytes (ABS,CON)

      Value  Global                              Global Defined In Module
      -----  --------------------------------   ------------------------
ASxxxx Linker V03.00 + NoICE + sdld,  page 29.
Hexadecimal  [32-Bits]

Area                                    Addr        Size        Decimal Bytes (Attributes)
--------------------------------        ----        ----        ------- ----- ------------
_HEADER6                            00000000    00000003 =           3. bytes (ABS,CON)

      Value  Global                              Global Defined In Module
      -----  --------------------------------   ------------------------
ASxxxx Linker V03.00 + NoICE + sdld,  page 30.
Hexadecimal  [32-Bits]

Area                                    Addr        Size        Decimal Bytes (Attributes)
--------------------------------        ----        ----        ------- ----- ------------
_HEADER7                            00000000    00000003 =           3. bytes (ABS,CON)

      Value  Global                              Global Defined In Module
      -----  --------------------------------   ------------------------
ASxxxx Linker V03.00 + NoICE + sdld,  page 31.
Hexadecimal  [32-Bits]

Area                                    Addr        Size        Decimal Bytes (Attributes)
--------------------------------        ----        ----        ------- ----- ------------
_HEADER8                            00000000    0000000C =          12. bytes (ABS,CON)

      Value  Global                              Global Defined In Module
      -----  --------------------------------   ------------------------
ASxxxx Linker V03.00 + NoICE + sdld,  page 32.
Hexadecimal  [32-Bits]

Area                                    Addr        Size        Decimal Bytes (Attributes)
--------------------------------        ----        ----        ------- ----- ------------
_GSINIT                             000016F8    0000000F =          15. bytes (REL,CON)

      Value  Global                              Global Defined In Module
      -----  --------------------------------   ------------------------
     000016F8  gsinit                             crt0

ASxxxx Linker V03.00 + NoICE + sdld,  page 33.
Hexadecimal  [32-Bits]

Area                                    Addr        Size        Decimal Bytes (Attributes)
--------------------------------        ----        ----        ------- ----- ------------
_GSFINAL                            00001707    00000001 =           1. bytes (REL,CON)

      Value  Global                              Global Defined In Module
      -----  --------------------------------   ------------------------
ASxxxx Linker V03.00 + NoICE + sdld,  page 34.

Files Linked                              [ module(s) ]

/usr/bin/../share/sdcc/lib/z80/crt0.rel   [ crt0 ]
/work/test_dataset_binariesaes128_z80_sdcc_Os.rel
                                          [ aes128 ]


Libraries Linked                          [ object file ]

/usr/bin/../share/sdcc/lib/z80/z80.lib    [ puts.rel ]
/usr/bin/../share/sdcc/lib/z80/z80.lib    [ vprintf.rel ]
/usr/bin/../share/sdcc/lib/z80/z80.lib    [ crtenter.rel ]
/usr/bin/../share/sdcc/lib/z80/z80.lib    [ printf_large.rel ]
/usr/bin/../share/sdcc/lib/z80/z80.lib    [ __sdcc_call_hl.rel ]
/usr/bin/../share/sdcc/lib/z80/z80.lib    [ strlen.rel ]

ASxxxx Linker V03.00 + NoICE + sdld,  page 35.

User Base Address Definitions

_CODE = 0x0200
_DATA = 0x8000


?ASlink-Warning-Undefined Global '_putchar' referenced by module 'puts'

?ASlink-Warning-Undefined Global '_putchar' referenced by module 'vprintf'
